Jul  2 20:18:40 thishost systemd-modules-load[278]: Inserted module 'lp'
Jul  2 20:18:40 thishost kernel: [    0.000000] Linux version 4.15.0-23-generic (buildd@lgw01-amd64-055) (gcc version 7.3.0 (Ubuntu 7.3.0-16ubuntu3)) #25-Ubuntu SMP Wed May 23 18:02:16 UTC 2018 (Ubuntu 4.15.0-23.25-generic 4.15.18)
Jul  2 20:18:40 thishost kernel: [    0.000000] Command line: BOOT_IMAGE=/boot/vmlinuz-4.15.0-23-generic root=UUID=d824b40d-75df-4044-8093-3f716d210f00 ro quiet splash vt.handoff=1
Jul  2 20:18:40 thishost kernel: [    0.000000] KERNEL supported cpus:
Jul  2 20:18:40 thishost systemd-modules-load[278]: Inserted module 'ppdev'
Jul  2 20:18:40 thishost kernel: [    0.000000]   Intel GenuineIntel
Jul  2 20:18:40 thishost kernel: [    0.000000]   AMD AuthenticAMD
Jul  2 20:18:40 thishost kernel: [    0.000000]   Centaur CentaurHauls
Jul  2 20:18:40 thishost systemd-modules-load[278]: Inserted module 'parport_pc'
Jul  2 20:18:40 thishost kernel: [    0.000000] x86/fpu: Supporting XSAVE feature 0x001: 'x87 floating point registers'
Jul  2 20:18:40 thishost kernel: [    0.000000] x86/fpu: Supporting XSAVE feature 0x002: 'SSE registers'
Jul  2 20:18:40 thishost kernel: [    0.000000] x86/fpu: Supporting XSAVE feature 0x004: 'AVX registers'
Jul  2 20:18:40 thishost kernel: [    0.000000] x86/fpu: Supporting XSAVE feature 0x008: 'MPX bounds registers'
Jul  2 20:18:40 thishost kernel: [    0.000000] x86/fpu: Supporting XSAVE feature 0x010: 'MPX CSR'
Jul  2 20:18:40 thishost systemd[1]: Starting Flush Journal to Persistent Storage...
Jul  2 20:18:40 thishost kernel: [    0.000000] x86/fpu: xstate_offset[2]:  576, xstate_sizes[2]:  256
Jul  2 20:18:40 thishost kernel: [    0.000000] x86/fpu: xstate_offset[3]:  832, xstate_sizes[3]:   64
Jul  2 20:18:40 thishost kernel: [    0.000000] x86/fpu: xstate_offset[4]:  896, xstate_sizes[4]:   64
Jul  2 20:18:40 thishost kernel: [    0.000000] x86/fpu: Enabled xstate features 0x1f, context size is 960 bytes, using 'compacted' format.
Jul  2 20:18:40 thishost kernel: [    0.000000] e820: BIOS-provided physical RAM map:
Jul  2 20:18:40 thishost kernel: [    0.000000] BIOS-e820: [mem 0x0000000000000000-0x0000000000057fff] usable
Jul  2 20:18:40 thishost kernel: [    0.000000] BIOS-e820: [mem 0x0000000000058000-0x0000000000058fff] reserved
Jul  2 20:18:40 thishost kernel: [    0.000000] BIOS-e820: [mem 0x0000000000059000-0x000000000009efff] usable
Jul  2 20:18:40 thishost kernel: [    0.000000] BIOS-e820: [mem 0x000000000009f000-0x00000000000fffff] reserved
Jul  2 20:18:40 thishost systemd[1]: Mounted Mount unit for gnome-characters.
Jul  2 20:18:40 thishost kernel: [    0.000000] BIOS-e820: [mem 0x0000000000100000-0x000000002aa74fff] usable
Jul  2 20:18:40 thishost kernel: [    0.000000] BIOS-e820: [mem 0x000000002aa75000-0x000000002aa75fff] ACPI NVS
Jul  2 20:18:40 thishost kernel: [    0.000000] BIOS-e820: [mem 0x000000002aa76000-0x000000002aa76fff] reserved
Jul  2 20:18:40 thishost kernel: [    0.000000] BIOS-e820: [mem 0x000000002aa77000-0x000000002e47afff] usable
Jul  2 20:18:40 thishost kernel: [    0.000000] BIOS-e820: [mem 0x000000002e47b000-0x000000002f341fff] reserved
Jul  2 20:18:40 thishost kernel: [    0.000000] BIOS-e820: [mem 0x000000002f342000-0x000000002f3a5fff] ACPI data
Jul  2 20:18:40 thishost kernel: [    0.000000] BIOS-e820: [mem 0x000000002f3a6000-0x000000002f81cfff] ACPI NVS
Jul  2 20:18:40 thishost kernel: [    0.000000] BIOS-e820: [mem 0x000000002f81d000-0x000000002ff15fff] reserved
Jul  2 20:18:40 thishost kernel: [    0.000000] BIOS-e820: [mem 0x000000002ff16000-0x000000002fffefff] type 20
Jul  2 20:18:40 thishost kernel: [    0.000000] BIOS-e820: [mem 0x000000002ffff000-0x000000002fffffff] usable
Jul  2 20:18:40 thishost kernel: [    0.000000] BIOS-e820: [mem 0x0000000030000000-0x000000003cffffff] reserved
Jul  2 20:18:40 thishost kernel: [    0.000000] BIOS-e820: [mem 0x00000000e0000000-0x00000000efffffff] reserved
Jul  2 20:18:40 thishost kernel: [    0.000000] BIOS-e820: [mem 0x00000000fe000000-0x00000000fe010fff] reserved
Jul  2 20:18:40 thishost kernel: [    0.000000] BIOS-e820: [mem 0x00000000fec00000-0x00000000fec00fff] reserved
Jul  2 20:18:40 thishost kernel: [    0.000000] BIOS-e820: [mem 0x00000000fed00000-0x00000000fed00fff] reserved
Jul  2 20:18:40 thishost kernel: [    0.000000] BIOS-e820: [mem 0x00000000fee00000-0x00000000fee00fff] reserved
Jul  2 20:18:40 thishost kernel: [    0.000000] BIOS-e820: [mem 0x00000000ff000000-0x00000000ffffffff] reserved
Jul  2 20:18:40 thishost systemd[1]: Started udev Coldplug all Devices.
Jul  2 20:18:40 thishost kernel: [    0.000000] BIOS-e820: [mem 0x0000000100000000-0x00000004c1ffffff] usable
Jul  2 20:18:40 thishost kernel: [    0.000000] NX (Execute Disable) protection: active
Jul  2 20:18:40 thishost kernel: [    0.000000] efi: EFI v2.60 by American Megatrends
Jul  2 20:18:40 thishost kernel: [    0.000000] efi:  ACPI 2.0=0x2f35e000  ACPI=0x2f35e000  SMBIOS=0x2fe84000  SMBIOS 3.0=0x2fe83000  MPS=0xfca10  ESRT=0x2cddd598  MEMATTR=0x2c0b8018 
Jul  2 20:18:40 thishost kernel: [    0.000000] secureboot: Secure boot could not be determined (mode 0)
Jul  2 20:18:40 thishost systemd[1]: Starting Show Plymouth Boot Screen...
Jul  2 20:18:40 thishost kernel: [    0.000000] random: fast init done
Jul  2 20:18:40 thishost kernel: [    0.000000] SMBIOS 3.0.0 present.
Jul  2 20:18:40 thishost kernel: [    0.000000] DMI: HP HP Spectre x360 Convertible 13-ae0xx/83B9, BIOS F.15 02/22/2018
Jul  2 20:18:40 thishost kernel: [    0.000000] e820: update [mem 0x00000000-0x00000fff] usable ==> reserved
Jul  2 20:18:40 thishost systemd[1]: Mounted Mount unit for gnome-calculator.
Jul  2 20:18:40 thishost kernel: [    0.000000] e820: remove [mem 0x000a0000-0x000fffff] usable
Jul  2 20:18:40 thishost kernel: [    0.000000] e820: last_pfn = 0x4c2000 max_arch_pfn = 0x400000000
Jul  2 20:18:40 thishost kernel: [    0.000000] MTRR default type: write-back
Jul  2 20:18:40 thishost kernel: [    0.000000] MTRR fixed ranges enabled:
Jul  2 20:18:40 thishost systemd[1]: Mounted Mount unit for gnome-logs.
Jul  2 20:18:40 thishost kernel: [    0.000000]   00000-9FFFF write-back
Jul  2 20:18:40 thishost kernel: [    0.000000]   A0000-BFFFF uncachable
Jul  2 20:18:40 thishost kernel: [    0.000000]   C0000-FFFFF write-protect
Jul  2 20:18:40 thishost kernel: [    0.000000] MTRR variable ranges enabled:
Jul  2 20:18:40 thishost kernel: [    0.000000]   0 base 0080000000 mask 7F80000000 uncachable
Jul  2 20:18:40 thishost systemd[1]: Mounted Mount unit for gnome-logs, revision 37.
Jul  2 20:18:40 thishost kernel: [    0.000000]   1 base 0040000000 mask 7FC0000000 uncachable
Jul  2 20:18:40 thishost kernel: [    0.000000]   2 base 003C000000 mask 7FFC000000 uncachable
Jul  2 20:18:40 thishost systemd[1]: Mounted Mount unit for gtk-common-themes, revision 319.
Jul  2 20:18:40 thishost kernel: [    0.000000]   3 base 003A000000 mask 7FFE000000 uncachable
Jul  2 20:18:40 thishost kernel: [    0.000000]   4 base 0039000000 mask 7FFF000000 uncachable
Jul  2 20:18:40 thishost kernel: [    0.000000]   5 base 0038800000 mask 7FFF800000 uncachable
Jul  2 20:18:40 thishost kernel: [    0.000000]   6 disabled
Jul  2 20:18:40 thishost kernel: [    0.000000]   7 disabled
Jul  2 20:18:40 thishost kernel: [    0.000000]   8 disabled
Jul  2 20:18:40 thishost kernel: [    0.000000]   9 disabled
Jul  2 20:18:40 thishost systemd[1]: Mounted Mount unit for gnome-3-26-1604, revision 64.
Jul  2 20:18:40 thishost kernel: [    0.000000] x86/PAT: Configuration [0-7]: WB  WC  UC- UC  WB  WP  UC- WT  
Jul  2 20:18:40 thishost kernel: [    0.000000] e820: last_pfn = 0x30000 max_arch_pfn = 0x400000000
Jul  2 20:18:40 thishost kernel: [    0.000000] found SMP MP-table at [mem 0x000fcd10-0x000fcd1f] mapped at [        (ptrval)]
Jul  2 20:18:40 thishost kernel: [    0.000000] esrt: Reserving ESRT space from 0x000000002cddd598 to 0x000000002cddd5d0.
Jul  2 20:18:40 thishost kernel: [    0.000000] Scanning 1 areas for low memory corruption
Jul  2 20:18:40 thishost systemd[1]: Mounted Mount unit for gnome-system-monitor, revision 45.
Jul  2 20:18:40 thishost kernel: [    0.000000] Base memory trampoline at [        (ptrval)] 97000 size 24576
Jul  2 20:18:40 thishost kernel: [    0.000000] Using GB pages for direct mapping
Jul  2 20:18:40 thishost kernel: [    0.000000] BRK [0x45913f000, 0x45913ffff] PGTABLE
Jul  2 20:18:40 thishost kernel: [    0.000000] BRK [0x459140000, 0x459140fff] PGTABLE
Jul  2 20:18:40 thishost kernel: [    0.000000] BRK [0x459141000, 0x459141fff] PGTABLE
Jul  2 20:18:40 thishost ureadahead[289]: ureadahead:/etc/apparmor.d/snap.core.4830.usr.lib.snapd.snap-confine: No such file or directory
Jul  2 20:18:40 thishost kernel: [    0.000000] BRK [0x459142000, 0x459142fff] PGTABLE
Jul  2 20:18:40 thishost kernel: [    0.000000] BRK [0x459143000, 0x459143fff] PGTABLE
Jul  2 20:18:40 thishost kernel: [    0.000000] BRK [0x459144000, 0x459144fff] PGTABLE
Jul  2 20:18:40 thishost kernel: [    0.000000] BRK [0x459145000, 0x459145fff] PGTABLE
Jul  2 20:18:40 thishost ureadahead[289]: ureadahead:/etc/apparmor.d/cache/snap.core.4830.usr.lib.snapd.snap-confine: No such file or directory
Jul  2 20:18:40 thishost kernel: [    0.000000] BRK [0x459146000, 0x459146fff] PGTABLE
Jul  2 20:18:40 thishost kernel: [    0.000000] RAMDISK: [mem 0x1c1a5000-0x1fd7afff]
Jul  2 20:18:40 thishost kernel: [    0.000000] ACPI: Early table checksum verification disabled
Jul  2 20:18:40 thishost kernel: [    0.000000] ACPI: RSDP 0x000000002F35E000 000024 (v02 HPQOEM)
Jul  2 20:18:40 thishost systemd[1]: Mounted Mount unit for gnome-system-monitor.
Jul  2 20:18:40 thishost kernel: [    0.000000] ACPI: XSDT 0x000000002F35E0C0 000104 (v01 HPQOEM SLIC-MPC 01072009 HP   00010013)
Jul  2 20:18:40 thishost systemd[1]: Started Flush Journal to Persistent Storage.
Jul  2 20:18:40 thishost kernel: [    0.000000] ACPI: FACP 0x000000002F398B40 000114 (v06 HPQOEM SLIC-MPC 01072009 HP   00010013)
Jul  2 20:18:40 thishost kernel: [    0.000000] ACPI: DSDT 0x000000002F35E258 03A8E1 (v02 HPQOEM 83B9     01072009 ACPI 20160422)
Jul  2 20:18:40 thishost kernel: [    0.000000] ACPI: FACS 0x000000002F7E8F00 000040
Jul  2 20:18:40 thishost kernel: [    0.000000] ACPI: APIC 0x000000002F398C58 0000BC (v03 HPQOEM 83B9     01072009 HP   00010013)
Jul  2 20:18:40 thishost kernel: [    0.000000] ACPI: FPDT 0x000000002F398D18 000044 (v01 HPQOEM 83B9     01072009 HP   00010013)
Jul  2 20:18:40 thishost kernel: [    0.000000] ACPI: FIDT 0x000000002F398D60 00009C (v01 HPQOEM 83B9     01072009 HP   00010013)
Jul  2 20:18:40 thishost kernel: [    0.000000] ACPI: MCFG 0x000000002F398E00 00003C (v01 HPQOEM 83B9     01072009 HP   00000097)
Jul  2 20:18:40 thishost kernel: [    0.000000] ACPI: SSDT 0x000000002F398E40 0003A3 (v01 HPQOEM 83B9     00001000 ACPI 20160422)
Jul  2 20:18:40 thishost systemd[1]: Mounted Mount unit for gnome-calculator, revision 178.
Jul  2 20:18:40 thishost kernel: [    0.000000] ACPI: SSDT 0x000000002F3991E8 005D97 (v02 HPQOEM 83B9     00001000 ACPI 20160422)
Jul  2 20:18:40 thishost kernel: [    0.000000] ACPI: MSDM 0x000000002F39EF80 000055 (v03 HPQOEM SLIC-MPC 00000001 HP   00010013)
Jul  2 20:18:40 thishost kernel: [    0.000000] ACPI: SSDT 0x000000002F39EFD8 003156 (v02 HPQOEM 83B9     00003000 ACPI 20160422)
Jul  2 20:18:40 thishost kernel: [    0.000000] ACPI: HPET 0x000000002F3A2130 000038 (v01 HPQOEM 83B9     00000001 HP   0000005F)
Jul  2 20:18:40 thishost kernel: [    0.000000] ACPI: SSDT 0x000000002F3A2168 000024 (v02 HPQOEM 83B9     00000000 ACPI 20160422)
Jul  2 20:18:40 thishost systemd[1]: Created slice system-systemd\x2dbacklight.slice.
Jul  2 20:18:40 thishost kernel: [    0.000000] ACPI: UEFI 0x000000002F3A2190 000042 (v01 HPQOEM 83B9     00000002 HP   01000013)
Jul  2 20:18:40 thishost kernel: [    0.000000] ACPI: SSDT 0x000000002F3A21D8 0017AE (v02 HPQOEM 83B9     00003000 ACPI 20160422)
Jul  2 20:18:40 thishost kernel: [    0.000000] ACPI: LPIT 0x000000002F3A3988 000094 (v01 HPQOEM 83B9     00000000 HP   0000005F)
Jul  2 20:18:40 thishost kernel: [    0.000000] ACPI: SSDT 0x000000002F3A3A20 000141 (v02 HPQOEM 83B9     00000000 ACPI 20160422)
Jul  2 20:18:40 thishost kernel: [    0.000000] ACPI: SSDT 0x000000002F3A3B68 00029F (v02 HPQOEM 83B9     00000000 ACPI 20160422)
Jul  2 20:18:40 thishost kernel: [    0.000000] ACPI: SSDT 0x000000002F3A3E08 0011E7 (v02 HPQOEM 83B9     00001000 ACPI 20160422)
Jul  2 20:18:40 thishost systemd[1]: Starting Load/Save Screen Backlight Brightness of backlight:intel_backlight...
Jul  2 20:18:40 thishost kernel: [    0.000000] ACPI: SSDT 0x000000002F3A4FF0 00023D (v02 HPQOEM 83B9     00000000 ACPI 20160422)
Jul  2 20:18:40 thishost kernel: [    0.000000] ACPI: DBGP 0x000000002F3A5230 000034 (v01 HPQOEM 83B9     00000002 HP   0000005F)
Jul  2 20:18:40 thishost kernel: [    0.000000] ACPI: DBG2 0x000000002F3A5268 000054 (v00 HPQOEM 83B9     00000002 HP   0000005F)
Jul  2 20:18:40 thishost mtp-probe: checking bus 1, device 4: "/sys/devices/pci0000:00/0000:00:14.0/usb1/1-1/1-1.2"
Jul  2 20:18:40 thishost mtp-probe: checking bus 1, device 3: "/sys/devices/pci0000:00/0000:00:14.0/usb1/1-5"
Jul  2 20:18:40 thishost mtp-probe: bus: 1, device: 4 was not an MTP device
Jul  2 20:18:40 thishost mtp-probe: bus: 1, device: 3 was not an MTP device
Jul  2 20:18:40 thishost systemd[1]: Mounted Mount unit for core.
Jul  2 20:18:40 thishost systemd[1]: Mounted Mount unit for gnome-characters, revision 101.
Jul  2 20:18:40 thishost systemd[1]: Mounted Mount unit for core.
Jul  2 20:18:40 thishost systemd[1]: Mounted Mount unit for core, revision 4917.
Jul  2 20:18:40 thishost ureadahead[289]: ureadahead:/usr/bin/nvidia-modprobe: No such file or directory
Jul  2 20:18:40 thishost systemd[1]: Mounted Mount unit for gnome-3-26-1604.
Jul  2 20:18:40 thishost tbtacl: 419: args: add /devices/pci0000:00/0000:00:1c.4/0000:03:00.0/0000:04:00.0/0000:05:00.0/domain0/0-0/0-1
Jul  2 20:18:40 thishost ureadahead[289]: ureadahead:/usr/share/applications/nvvp.desktop: No such file or directory
Jul  2 20:18:40 thishost ureadahead[289]: ureadahead:/usr/share/applications/nsight.desktop: No such file or directory
Jul  2 20:18:40 thishost ureadahead[289]: ureadahead:/var/lib/NetworkManager/dhclient-wlp2s0.conf: No such file or directory
Jul  2 20:18:40 thishost tbtacl: 419: authorizing /sys/devices/pci0000:00/0000:00:1c.4/0000:03:00.0/0000:04:00.0/0000:05:00.0/domain0/0-0/0-1
Jul  2 20:18:40 thishost systemd-udevd[313]: link_config: autonegotiation is unset or enabled, the speed and duplex are not writable.
Jul  2 20:18:40 thishost systemd[1]: Listening on Load/Save RF Kill Switch Status /dev/rfkill Watch.
Jul  2 20:18:40 thishost systemd[1]: Starting Load/Save RF Kill Switch Status...
Jul  2 20:18:40 thishost ureadahead[289]: ureadahead:/var/lib/dpkg/info/libcufft9.1:amd64.list: No such file or directory
Jul  2 20:18:40 thishost ureadahead[289]: ureadahead:/var/lib/dpkg/info/libxmu-dev:amd64.list: No such file or directory
Jul  2 20:18:40 thishost ureadahead[289]: ureadahead:/var/lib/dpkg/info/libnppial9.1:amd64.list: No such file or directory
Jul  2 20:18:40 thishost ureadahead[289]: ureadahead:/var/lib/dpkg/info/cuda-nvgraph-dev-9-2.list: No such file or directory
Jul  2 20:18:40 thishost ureadahead[289]: ureadahead:/var/lib/dpkg/info/libnppig9.1:amd64.list: No such file or directory
Jul  2 20:18:40 thishost ureadahead[289]: ureadahead:/var/lib/dpkg/info/cuda-gdb-9-2.list: No such file or directory
Jul  2 20:18:40 thishost ureadahead[289]: ureadahead:/var/lib/dpkg/info/cuda-driver-dev-9-2.list: No such file or directory
Jul  2 20:18:40 thishost ureadahead[289]: ureadahead:/var/lib/dpkg/info/nvidia-cuda-doc.list: No such file or directory
Jul  2 20:18:40 thishost kernel: [    0.000000] ACPI: DMAR 0x000000002F3A52C0 000114 (v01 HPQOEM 83B9     00000001 HP   00000001)
Jul  2 20:18:40 thishost kernel: [    0.000000] ACPI: NHLT 0x000000002F3A53D8 00002D (v00 HPQOEM 83B9     00000002 HP   01000013)
Jul  2 20:18:40 thishost kernel: [    0.000000] ACPI: SSDT 0x000000002F3A5408 000066 (v01 HPQOEM 83B9     00000001 ACPI 20160422)
Jul  2 20:18:40 thishost kernel: [    0.000000] ACPI: SLIC 0x000000002F3A5470 000176 (v01 HPQOEM SLIC-MPC 01072009 HP   00010013)
Jul  2 20:18:40 thishost ureadahead[289]: ureadahead:/var/lib/dpkg/info/cuda-nvvp-9-2.list: No such file or directory
Jul  2 20:18:40 thishost kernel: [    0.000000] ACPI: TPM2 0x000000002F3A55E8 000034 (v03 HPQOEM 83B9     00000001 HP   00000000)
Jul  2 20:18:40 thishost kernel: [    0.000000] ACPI: ASF! 0x000000002F3A5620 0000A0 (v32 HPQOEM 83B9     00000001 HP   000F4240)
Jul  2 20:18:40 thishost kernel: [    0.000000] ACPI: WSMT 0x000000002F3A56C0 000028 (v01 HPQOEM 83B9     01072009 HP   00010013)
Jul  2 20:18:40 thishost kernel: [    0.000000] ACPI: BGRT 0x000000002F3A56E8 000038 (v01 HPQOEM 83B9     01072009 HP   00010013)
Jul  2 20:18:40 thishost kernel: [    0.000000] ACPI: Local APIC address 0xfee00000
Jul  2 20:18:40 thishost kernel: [    0.000000] No NUMA configuration found
Jul  2 20:18:40 thishost ureadahead[289]: ureadahead:/var/lib/dpkg/info/libnvidia-common-396.list: No such file or directory
Jul  2 20:18:40 thishost kernel: [    0.000000] Faking a node at [mem 0x0000000000000000-0x00000004c1ffffff]
Jul  2 20:18:40 thishost kernel: [    0.000000] NODE_DATA(0) allocated [mem 0x4c1fd5000-0x4c1ffffff]
Jul  2 20:18:40 thishost kernel: [    0.000000] Zone ranges:
Jul  2 20:18:40 thishost ureadahead[289]: ureadahead:/var/lib/dpkg/info/libx11-doc.list: No such file or directory
Jul  2 20:18:40 thishost kernel: [    0.000000]   DMA      [mem 0x0000000000001000-0x0000000000ffffff]
Jul  2 20:18:40 thishost kernel: [    0.000000]   DMA32    [mem 0x0000000001000000-0x00000000ffffffff]
Jul  2 20:18:40 thishost kernel: [    0.000000]   Normal   [mem 0x0000000100000000-0x00000004c1ffffff]
Jul  2 20:18:40 thishost kernel: [    0.000000]   Device   empty
Jul  2 20:18:40 thishost ureadahead[289]: ureadahead:/var/lib/dpkg/info/x11proto-damage-dev.list: No such file or directory
Jul  2 20:18:40 thishost kernel: [    0.000000] Movable zone start for each node
Jul  2 20:18:40 thishost kernel: [    0.000000] Early memory node ranges
Jul  2 20:18:40 thishost kernel: [    0.000000]   node   0: [mem 0x0000000000001000-0x0000000000057fff]
Jul  2 20:18:40 thishost kernel: [    0.000000]   node   0: [mem 0x0000000000059000-0x000000000009efff]
Jul  2 20:18:40 thishost kernel: [    0.000000]   node   0: [mem 0x0000000000100000-0x000000002aa74fff]
Jul  2 20:18:40 thishost ureadahead[289]: ureadahead:/var/lib/dpkg/info/libglvnd-dev:amd64.list: No such file or directory
Jul  2 20:18:40 thishost kernel: [    0.000000]   node   0: [mem 0x000000002aa77000-0x000000002e47afff]
Jul  2 20:18:40 thishost kernel: [    0.000000]   node   0: [mem 0x000000002ffff000-0x000000002fffffff]
Jul  2 20:18:40 thishost kernel: [    0.000000]   node   0: [mem 0x0000000100000000-0x00000004c1ffffff]
Jul  2 20:18:40 thishost ureadahead[289]: ureadahead:/var/lib/dpkg/info/libxfixes-dev:amd64.list: No such file or directory
Jul  2 20:18:40 thishost kernel: [    0.000000] Initmem setup node 0 [mem 0x0000000000001000-0x00000004c1ffffff]
Jul  2 20:18:40 thishost kernel: [    0.000000] On node 0 totalpages: 4129815
Jul  2 20:18:40 thishost kernel: [    0.000000]   DMA zone: 64 pages used for memmap
Jul  2 20:18:40 thishost kernel: [    0.000000]   DMA zone: 25 pages reserved
Jul  2 20:18:40 thishost kernel: [    0.000000]   DMA zone: 3997 pages, LIFO batch:0
Jul  2 20:18:40 thishost kernel: [    0.000000]   DMA32 zone: 2898 pages used for memmap
Jul  2 20:18:40 thishost ureadahead[289]: ureadahead:/var/lib/dpkg/info/cuda-npp-dev-9-2.list: No such file or directory
Jul  2 20:18:40 thishost kernel: [    0.000000]   DMA32 zone: 185466 pages, LIFO batch:31
Jul  2 20:18:40 thishost kernel: [    0.000000]   Normal zone: 61568 pages used for memmap
Jul  2 20:18:40 thishost kernel: [    0.000000]   Normal zone: 3940352 pages, LIFO batch:31
Jul  2 20:18:40 thishost kernel: [    0.000000] Reserved but unavailable: 98 pages
Jul  2 20:18:40 thishost kernel: [    0.000000] Reserving Intel graphics memory at 0x0000000039000000-0x000000003cffffff
Jul  2 20:18:40 thishost kernel: [    0.000000] ACPI: PM-Timer IO Port: 0x1808
Jul  2 20:18:40 thishost ureadahead[289]: ureadahead:/var/lib/dpkg/info/libcusparse9.1:amd64.list: No such file or directory
Jul  2 20:18:40 thishost kernel: [    0.000000] ACPI: Local APIC address 0xfee00000
Jul  2 20:18:40 thishost kernel: [    0.000000] ACPI: LAPIC_NMI (acpi_id[0x01] high edge lint[0x1])
Jul  2 20:18:40 thishost kernel: [    0.000000] ACPI: LAPIC_NMI (acpi_id[0x02] high edge lint[0x1])
Jul  2 20:18:40 thishost kernel: [    0.000000] ACPI: LAPIC_NMI (acpi_id[0x03] high edge lint[0x1])
Jul  2 20:18:40 thishost ureadahead[289]: ureadahead:/var/lib/dpkg/info/cuda-nvrtc-dev-9-2.list: No such file or directory
Jul  2 20:18:40 thishost kernel: [    0.000000] ACPI: LAPIC_NMI (acpi_id[0x04] high edge lint[0x1])
Jul  2 20:18:40 thishost kernel: [    0.000000] ACPI: LAPIC_NMI (acpi_id[0x05] high edge lint[0x1])
Jul  2 20:18:40 thishost ureadahead[289]: ureadahead:/var/lib/dpkg/info/cuda-nsight-9-2.list: No such file or directory
Jul  2 20:18:40 thishost kernel: [    0.000000] ACPI: LAPIC_NMI (acpi_id[0x06] high edge lint[0x1])
Jul  2 20:18:40 thishost kernel: [    0.000000] ACPI: LAPIC_NMI (acpi_id[0x07] high edge lint[0x1])
Jul  2 20:18:40 thishost kernel: [    0.000000] ACPI: LAPIC_NMI (acpi_id[0x08] high edge lint[0x1])
Jul  2 20:18:40 thishost kernel: [    0.000000] IOAPIC[0]: apic_id 2, version 32, address 0xfec00000, GSI 0-119
Jul  2 20:18:40 thishost kernel: [    0.000000] ACPI: INT_SRC_OVR (bus 0 bus_irq 0 global_irq 2 dfl dfl)
Jul  2 20:18:40 thishost kernel: [    0.000000] ACPI: INT_SRC_OVR (bus 0 bus_irq 9 global_irq 9 high level)
Jul  2 20:18:40 thishost ureadahead[289]: ureadahead:/var/lib/dpkg/info/cuda-cuobjdump-9-2.list: No such file or directory
Jul  2 20:18:40 thishost kernel: [    0.000000] ACPI: IRQ0 used by override.
Jul  2 20:18:40 thishost kernel: [    0.000000] ACPI: IRQ9 used by override.
Jul  2 20:18:40 thishost kernel: [    0.000000] Using ACPI (MADT) for SMP configuration information
Jul  2 20:18:40 thishost kernel: [    0.000000] ACPI: HPET id: 0x8086a201 base: 0xfed00000
Jul  2 20:18:40 thishost kernel: [    0.000000] smpboot: Allowing 8 CPUs, 0 hotplug CPUs
Jul  2 20:18:40 thishost kernel: [    0.000000] PM: Registered nosave memory: [mem 0x00000000-0x00000fff]
Jul  2 20:18:40 thishost kernel: [    0.000000] PM: Registered nosave memory: [mem 0x00058000-0x00058fff]
Jul  2 20:18:40 thishost ureadahead[289]: ureadahead:/var/lib/dpkg/info/libnppicom9.1:amd64.list: No such file or directory
Jul  2 20:18:40 thishost kernel: [    0.000000] PM: Registered nosave memory: [mem 0x0009f000-0x000fffff]
Jul  2 20:18:40 thishost kernel: [    0.000000] PM: Registered nosave memory: [mem 0x2aa75000-0x2aa75fff]
Jul  2 20:18:40 thishost kernel: [    0.000000] PM: Registered nosave memory: [mem 0x2aa76000-0x2aa76fff]
Jul  2 20:18:40 thishost ureadahead[289]: ureadahead:/var/lib/dpkg/info/libglu1-mesa-dev:amd64.list: No such file or directory
Jul  2 20:18:40 thishost kernel: [    0.000000] PM: Registered nosave memory: [mem 0x2e47b000-0x2f341fff]
Jul  2 20:18:40 thishost kernel: [    0.000000] PM: Registered nosave memory: [mem 0x2f342000-0x2f3a5fff]
Jul  2 20:18:40 thishost kernel: [    0.000000] PM: Registered nosave memory: [mem 0x2f3a6000-0x2f81cfff]
Jul  2 20:18:40 thishost kernel: [    0.000000] PM: Registered nosave memory: [mem 0x2f81d000-0x2ff15fff]
Jul  2 20:18:40 thishost ureadahead[289]: ureadahead:/var/lib/dpkg/info/cuda-misc-headers-9-2.list: No such file or directory
Jul  2 20:18:40 thishost kernel: [    0.000000] PM: Registered nosave memory: [mem 0x2ff16000-0x2fffefff]
Jul  2 20:18:40 thishost kernel: [    0.000000] PM: Registered nosave memory: [mem 0x30000000-0x3cffffff]
Jul  2 20:18:40 thishost kernel: [    0.000000] PM: Registered nosave memory: [mem 0x3d000000-0xdfffffff]
Jul  2 20:18:40 thishost kernel: [    0.000000] PM: Registered nosave memory: [mem 0xe0000000-0xefffffff]
Jul  2 20:18:40 thishost kernel: [    0.000000] PM: Registered nosave memory: [mem 0xf0000000-0xfdffffff]
Jul  2 20:18:40 thishost kernel: [    0.000000] PM: Registered nosave memory: [mem 0xfe000000-0xfe010fff]
Jul  2 20:18:40 thishost ureadahead[289]: ureadahead:/var/lib/dpkg/info/libxmu-headers.list: No such file or directory
Jul  2 20:18:40 thishost kernel: [    0.000000] PM: Registered nosave memory: [mem 0xfe011000-0xfebfffff]
Jul  2 20:18:40 thishost kernel: [    0.000000] PM: Registered nosave memory: [mem 0xfec00000-0xfec00fff]
Jul  2 20:18:40 thishost ureadahead[289]: ureadahead:/var/lib/dpkg/info/libxcb-dri2-0-dev:amd64.list: No such file or directory
Jul  2 20:18:40 thishost kernel: [    0.000000] PM: Registered nosave memory: [mem 0xfec01000-0xfecfffff]
Jul  2 20:18:40 thishost kernel: [    0.000000] PM: Registered nosave memory: [mem 0xfed00000-0xfed00fff]
Jul  2 20:18:40 thishost kernel: [    0.000000] PM: Registered nosave memory: [mem 0xfed01000-0xfedfffff]
Jul  2 20:18:40 thishost kernel: [    0.000000] PM: Registered nosave memory: [mem 0xfee00000-0xfee00fff]
Jul  2 20:18:40 thishost kernel: [    0.000000] PM: Registered nosave memory: [mem 0xfee01000-0xfeffffff]
Jul  2 20:18:40 thishost kernel: [    0.000000] PM: Registered nosave memory: [mem 0xff000000-0xffffffff]
Jul  2 20:18:40 thishost ureadahead[289]: ureadahead:/var/lib/dpkg/info/libxt-dev:amd64.list: No such file or directory
Jul  2 20:18:40 thishost kernel: [    0.000000] e820: [mem 0x3d000000-0xdfffffff] available for PCI devices
Jul  2 20:18:40 thishost kernel: [    0.000000] Booting paravirtualized kernel on bare hardware
Jul  2 20:18:40 thishost kernel: [    0.000000] clocksource: refined-jiffies: mask: 0xffffffff max_cycles: 0xffffffff, max_idle_ns: 7645519600211568 ns
Jul  2 20:18:40 thishost kernel: [    0.000000] setup_percpu: NR_CPUS:8192 nr_cpumask_bits:8 nr_cpu_ids:8 nr_node_ids:1
Jul  2 20:18:40 thishost kernel: [    0.000000] percpu: Embedded 46 pages/cpu @        (ptrval) s151552 r8192 d28672 u262144
Jul  2 20:18:40 thishost ureadahead[289]: ureadahead:/var/lib/dpkg/info/nvidia-cuda-gdb.list: No such file or directory
Jul  2 20:18:40 thishost kernel: [    0.000000] pcpu-alloc: s151552 r8192 d28672 u262144 alloc=1*2097152
Jul  2 20:18:40 thishost kernel: [    0.000000] pcpu-alloc: [0] 0 1 2 3 4 5 6 7 
Jul  2 20:18:40 thishost kernel: [    0.000000] Built 1 zonelists, mobility grouping on.  Total pages: 4065260
Jul  2 20:18:40 thishost kernel: [    0.000000] Policy zone: Normal
Jul  2 20:18:40 thishost ureadahead[289]: ureadahead:/var/lib/dpkg/info/libnppif9.1:amd64.list: No such file or directory
Jul  2 20:18:40 thishost kernel: [    0.000000] Kernel command line: BOOT_IMAGE=/boot/vmlinuz-4.15.0-23-generic root=UUID=d824b40d-75df-4044-8093-3f716d210f00 ro quiet splash vt.handoff=1
Jul  2 20:18:40 thishost kernel: [    0.000000] Calgary: detecting Calgary via BIOS EBDA area
Jul  2 20:18:40 thishost kernel: [    0.000000] Calgary: Unable to locate Rio Grande table in EBDA - bailing!
Jul  2 20:18:40 thishost ureadahead[289]: ureadahead:/var/lib/dpkg/info/mesa-common-dev:amd64.list: No such file or directory
Jul  2 20:18:40 thishost kernel: [    0.000000] Memory: 15905580K/16519260K available (12300K kernel code, 2470K rwdata, 4240K rodata, 2408K init, 2416K bss, 613680K reserved, 0K cma-reserved)
Jul  2 20:18:40 thishost kernel: [    0.000000] SLUB: HWalign=64, Order=0-3, MinObjects=0, CPUs=8, Nodes=1
Jul  2 20:18:40 thishost kernel: [    0.000000] Kernel/User page tables isolation: enabled
Jul  2 20:18:40 thishost kernel: [    0.000000] ftrace: allocating 39083 entries in 153 pages
Jul  2 20:18:40 thishost kernel: [    0.000000] Hierarchical RCU implementation.
Jul  2 20:18:40 thishost kernel: [    0.000000] 	RCU restricting CPUs from NR_CPUS=8192 to nr_cpu_ids=8.
Jul  2 20:18:40 thishost ureadahead[289]: ureadahead:/var/lib/dpkg/info/libopengl0:amd64.list: No such file or directory
Jul  2 20:18:40 thishost ureadahead[289]: ureadahead:/var/lib/dpkg/info/libxcb-xfixes0-dev:amd64.list: No such file or directory
Jul  2 20:18:40 thishost kernel: [    0.000000] 	Tasks RCU enabled.
Jul  2 20:18:40 thishost kernel: [    0.000000] RCU: Adjusting geometry for rcu_fanout_leaf=16, nr_cpu_ids=8
Jul  2 20:18:40 thishost kernel: [    0.000000] NR_IRQS: 524544, nr_irqs: 2048, preallocated irqs: 16
Jul  2 20:18:40 thishost kernel: [    0.000000] vt handoff: transparent VT on vt#1
Jul  2 20:18:40 thishost kernel: [    0.000000] Console: colour dummy device 80x25
Jul  2 20:18:40 thishost kernel: [    0.000000] console [tty0] enabled
Jul  2 20:18:40 thishost kernel: [    0.000000] ACPI: Core revision 20170831
Jul  2 20:18:40 thishost ureadahead[289]: ureadahead:/var/lib/dpkg/info/libnvtoolsext1:amd64.list: No such file or directory
Jul  2 20:18:40 thishost kernel: [    0.000000] ACPI: 11 ACPI AML tables successfully acquired and loaded
Jul  2 20:18:40 thishost kernel: [    0.000000] clocksource: hpet: mask: 0xffffffff max_cycles: 0xffffffff, max_idle_ns: 79635855245 ns
Jul  2 20:18:40 thishost kernel: [    0.000000] hpet clockevent registered
Jul  2 20:18:40 thishost kernel: [    0.004000] APIC: Switch to symmetric I/O mode setup
Jul  2 20:18:40 thishost ureadahead[289]: ureadahead:/var/lib/dpkg/info/libxdamage-dev:amd64.list: No such file or directory
Jul  2 20:18:40 thishost kernel: [    0.004000] DMAR: Host address width 39
Jul  2 20:18:40 thishost kernel: [    0.004000] DMAR: DRHD base: 0x000000fed90000 flags: 0x0
Jul  2 20:18:40 thishost ureadahead[289]: ureadahead:/var/lib/dpkg/info/xtrans-dev.list: No such file or directory
Jul  2 20:18:40 thishost kernel: [    0.004000] DMAR: dmar0: reg_base_addr fed90000 ver 1:0 cap 1c0000c40660462 ecap 19e2ff0505e
Jul  2 20:18:40 thishost kernel: [    0.004000] DMAR: DRHD base: 0x000000fed91000 flags: 0x1
Jul  2 20:18:40 thishost kernel: [    0.004000] DMAR: dmar1: reg_base_addr fed91000 ver 1:0 cap d2008c40660462 ecap f050da
Jul  2 20:18:40 thishost kernel: [    0.004000] DMAR: RMRR base: 0x0000002ea98000 end: 0x0000002eab7fff
Jul  2 20:18:40 thishost ureadahead[289]: ureadahead:/var/lib/dpkg/info/libxdmcp-dev:amd64.list: No such file or directory
Jul  2 20:18:40 thishost ureadahead[289]: ureadahead:/var/lib/dpkg/info/libcufftw9.1:amd64.list: No such file or directory
Jul  2 20:18:40 thishost ureadahead[289]: ureadahead:/var/lib/dpkg/info/libcudart9.1:amd64.list: No such file or directory
Jul  2 20:18:40 thishost ureadahead[289]: ureadahead:/var/lib/dpkg/info/libnppicc9.1:amd64.list: No such file or directory
Jul  2 20:18:40 thishost ureadahead[289]: ureadahead:/var/lib/dpkg/info/x11proto-dri2-dev.list: No such file or directory
Jul  2 20:18:40 thishost ureadahead[289]: ureadahead:/var/lib/dpkg/info/nvidia-cuda-toolkit.list: No such file or directory
Jul  2 20:18:40 thishost ureadahead[289]: ureadahead:/var/lib/dpkg/info/libxcb-render0-dev:amd64.list: No such file or directory
Jul  2 20:18:40 thishost ureadahead[289]: ureadahead:/var/lib/dpkg/info/ocl-icd-opencl-dev:amd64.list: No such file or directory
Jul  2 20:18:40 thishost ureadahead[289]: ureadahead:/var/lib/dpkg/info/libxcb-dri3-dev:amd64.list: No such file or directory
Jul  2 20:18:40 thishost ureadahead[289]: ureadahead:/var/lib/dpkg/info/cuda-curand-dev-9-2.list: No such file or directory
Jul  2 20:18:40 thishost ureadahead[289]: ureadahead:/var/lib/dpkg/info/libxxf86vm-dev:amd64.list: No such file or directory
Jul  2 20:18:40 thishost ureadahead[289]: ureadahead:/var/lib/dpkg/info/libxcb1-dev:amd64.list: No such file or directory
Jul  2 20:18:40 thishost ureadahead[289]: ureadahead:/var/lib/dpkg/info/libnppidei9.1:amd64.list: No such file or directory
Jul  2 20:18:40 thishost ureadahead[289]: ureadahead:/var/lib/dpkg/info/libnvblas9.1:amd64.list: No such file or directory
Jul  2 20:18:40 thishost ureadahead[289]: ureadahead:/var/lib/dpkg/info/cuda-license-9-2.list: No such file or directory
Jul  2 20:18:40 thishost ureadahead[289]: ureadahead:/var/lib/dpkg/info/cuda-samples-9-2.list: No such file or directory
Jul  2 20:18:40 thishost ureadahead[289]: ureadahead:/var/lib/dpkg/info/cuda-libraries-9-2.list: No such file or directory
Jul  2 20:18:40 thishost ureadahead[289]: ureadahead:/var/lib/dpkg/info/cuda-nvdisasm-9-2.list: No such file or directory
Jul  2 20:18:40 thishost ureadahead[289]: ureadahead:/var/lib/dpkg/info/cuda-compiler-9-2.list: No such file or directory
Jul  2 20:18:40 thishost ureadahead[289]: ureadahead:/var/lib/dpkg/info/cuda-documentation-9-2.list: No such file or directory
Jul  2 20:18:40 thishost ureadahead[289]: ureadahead:/var/lib/dpkg/info/libx11-dev:amd64.list: No such file or directory
Jul  2 20:18:40 thishost ureadahead[289]: ureadahead:/var/lib/dpkg/info/cuda-memcheck-9-2.list: No such file or directory
Jul  2 20:18:40 thishost ureadahead[289]: ureadahead:/var/lib/dpkg/info/cuda-cufft-dev-9-2.list: No such file or directory
Jul  2 20:18:40 thishost ureadahead[289]: ureadahead:/var/lib/dpkg/info/libnpps9.1:amd64.list: No such file or directory
Jul  2 20:18:40 thishost ureadahead[289]: ureadahead:/var/lib/dpkg/info/freeglut3-dev:amd64.list: No such file or directory
Jul  2 20:18:40 thishost ureadahead[289]: ureadahead:/var/lib/dpkg/info/libthrust-dev.list: No such file or directory
Jul  2 20:18:40 thishost ureadahead[289]: ureadahead:/var/lib/dpkg/info/cuda-nvprune-9-2.list: No such file or directory
Jul  2 20:18:40 thishost kernel: [    0.004000] DMAR: RMRR base: 0x00000038800000 end: 0x0000003cffffff
Jul  2 20:18:40 thishost kernel: [    0.004000] DMAR: ANDD device: 1 name: \_SB.PCI0.I2C0
Jul  2 20:18:40 thishost ureadahead[289]: ureadahead:/var/lib/dpkg/info/cuda-cublas-dev-9-2.list: No such file or directory
Jul  2 20:18:40 thishost kernel: [    0.004000] DMAR: ANDD device: 7 name: \_SB.PCI0.SPI0
Jul  2 20:18:40 thishost kernel: [    0.004000] DMAR: ANDD device: 9 name: \_SB.PCI0.UA00
Jul  2 20:18:40 thishost kernel: [    0.004000] DMAR-IR: IOAPIC id 2 under DRHD base  0xfed91000 IOMMU 1
Jul  2 20:18:40 thishost ureadahead[289]: ureadahead:/var/lib/dpkg/info/x11proto-fixes-dev.list: No such file or directory
Jul  2 20:18:40 thishost kernel: [    0.004000] DMAR-IR: HPET id 0 under DRHD base 0xfed91000
Jul  2 20:18:40 thishost kernel: [    0.004000] DMAR-IR: x2apic is disabled because BIOS sets x2apic opt out bit.
Jul  2 20:18:40 thishost kernel: [    0.004000] DMAR-IR: Use 'intremap=no_x2apic_optout' to override the BIOS setting.
Jul  2 20:18:40 thishost kernel: [    0.004000] DMAR-IR: Enabled IRQ remapping in xapic mode
Jul  2 20:18:40 thishost kernel: [    0.004000] x2apic: IRQ remapping doesn't support X2APIC mode
Jul  2 20:18:40 thishost kernel: [    0.008000] ..TIMER: vector=0x30 apic1=0 pin1=2 apic2=-1 pin2=-1
Jul  2 20:18:40 thishost kernel: [    0.028000] tsc: Detected 2000.000 MHz processor
Jul  2 20:18:40 thishost kernel: [    0.028000] tsc: Detected 1992.000 MHz TSC
Jul  2 20:18:40 thishost ureadahead[289]: ureadahead:/var/lib/dpkg/info/libsm-dev:amd64.list: No such file or directory
Jul  2 20:18:40 thishost kernel: [    0.028000] Calibrating delay loop (skipped), value calculated using timer frequency.. 3984.00 BogoMIPS (lpj=7968000)
Jul  2 20:18:40 thishost kernel: [    0.028000] pid_max: default: 32768 minimum: 301
Jul  2 20:18:40 thishost ureadahead[289]: ureadahead:/var/lib/dpkg/info/cuda-cusolver-dev-9-2.list: No such file or directory
Jul  2 20:18:40 thishost kernel: [    0.028000] Security Framework initialized
Jul  2 20:18:40 thishost kernel: [    0.028000] Yama: becoming mindful.
Jul  2 20:18:40 thishost kernel: [    0.028000] AppArmor: AppArmor initialized
Jul  2 20:18:40 thishost kernel: [    0.028000] Dentry cache hash table entries: 2097152 (order: 12, 16777216 bytes)
Jul  2 20:18:40 thishost kernel: [    0.032361] Inode-cache hash table entries: 1048576 (order: 11, 8388608 bytes)
Jul  2 20:18:40 thishost kernel: [    0.032404] Mount-cache hash table entries: 32768 (order: 6, 262144 bytes)
Jul  2 20:18:40 thishost ureadahead[289]: ureadahead:/var/lib/dpkg/info/libxcb-present-dev:amd64.list: No such file or directory
Jul  2 20:18:40 thishost kernel: [    0.032442] Mountpoint-cache hash table entries: 32768 (order: 6, 262144 bytes)
Jul  2 20:18:40 thishost kernel: [    0.032585] CPU: Physical Processor ID: 0
Jul  2 20:18:40 thishost kernel: [    0.032585] CPU: Processor Core ID: 0
Jul  2 20:18:40 thishost ureadahead[289]: ureadahead:/var/lib/dpkg/info/x11proto-input-dev.list: No such file or directory
Jul  2 20:18:40 thishost kernel: [    0.032589] ENERGY_PERF_BIAS: Set to 'normal', was 'performance'
Jul  2 20:18:40 thishost kernel: [    0.032589] ENERGY_PERF_BIAS: View and update with x86_energy_perf_policy(8)
Jul  2 20:18:40 thishost kernel: [    0.032594] mce: CPU supports 10 MCE banks
Jul  2 20:18:40 thishost kernel: [    0.032602] CPU0: Thermal monitoring enabled (TM1)
Jul  2 20:18:40 thishost kernel: [    0.032615] process: using mwait in idle threads
Jul  2 20:18:40 thishost ureadahead[289]: ureadahead:/var/lib/dpkg/info/x11proto-dev.list: No such file or directory
Jul  2 20:18:40 thishost kernel: [    0.032616] Last level iTLB entries: 4KB 64, 2MB 8, 4MB 8
Jul  2 20:18:40 thishost kernel: [    0.032617] Last level dTLB entries: 4KB 64, 2MB 0, 4MB 0, 1GB 4
Jul  2 20:18:40 thishost kernel: [    0.032618] Spectre V2 : Mitigation: Full generic retpoline
Jul  2 20:18:40 thishost ureadahead[289]: ureadahead:/var/lib/dpkg/info/libnvidia-compute-396:amd64.list: No such file or directory
Jul  2 20:18:40 thishost kernel: [    0.032618] Spectre V2 : Spectre v2 mitigation: Filling RSB on context switch
Jul  2 20:18:40 thishost kernel: [    0.032618] Spectre V2 : Spectre v2 mitigation: Enabling Indirect Branch Prediction Barrier
Jul  2 20:18:40 thishost kernel: [    0.032619] Spectre V2 : Enabling Restricted Speculation for firmware calls
Jul  2 20:18:40 thishost kernel: [    0.032619] Speculative Store Bypass: Vulnerable
Jul  2 20:18:40 thishost kernel: [    0.032859] Freeing SMP alternatives memory: 36K
Jul  2 20:18:40 thishost ureadahead[289]: ureadahead:/var/lib/dpkg/info/x11proto-xext-dev.list: No such file or directory
Jul  2 20:18:40 thishost kernel: [    0.039049] TSC deadline timer enabled
Jul  2 20:18:40 thishost kernel: [    0.039054] smpboot: CPU0: Intel(R) Core(TM) i7-8550U CPU @ 1.80GHz (family: 0x6, model: 0x8e, stepping: 0xa)
Jul  2 20:18:40 thishost kernel: [    0.039098] Performance Events: PEBS fmt3+, Skylake events, 32-deep LBR, full-width counters, Intel PMU driver.
Jul  2 20:18:40 thishost kernel: [    0.039117] ... version:                4
Jul  2 20:18:40 thishost ureadahead[289]: ureadahead:/var/lib/dpkg/info/x11proto-xf86vidmode-dev.list: No such file or directory
Jul  2 20:18:40 thishost kernel: [    0.039118] ... bit width:              48
Jul  2 20:18:40 thishost kernel: [    0.039118] ... generic registers:      4
Jul  2 20:18:40 thishost kernel: [    0.039118] ... value mask:             0000ffffffffffff
Jul  2 20:18:40 thishost kernel: [    0.039119] ... max period:             00007fffffffffff
Jul  2 20:18:40 thishost kernel: [    0.039119] ... fixed-purpose events:   3
Jul  2 20:18:40 thishost ureadahead[289]: ureadahead:/var/lib/dpkg/info/g++-6.list: No such file or directory
Jul  2 20:18:40 thishost kernel: [    0.039119] ... event mask:             000000070000000f
Jul  2 20:18:40 thishost kernel: [    0.039146] Hierarchical SRCU implementation.
Jul  2 20:18:40 thishost ureadahead[289]: ureadahead:/var/lib/dpkg/info/opencl-c-headers.list: No such file or directory
Jul  2 20:18:40 thishost kernel: [    0.039972] NMI watchdog: Enabled. Permanently consumes one hw-PMU counter.
Jul  2 20:18:40 thishost kernel: [    0.039980] smp: Bringing up secondary CPUs ...
Jul  2 20:18:40 thishost kernel: [    0.040000] x86: Booting SMP configuration:
Jul  2 20:18:40 thishost kernel: [    0.040000] .... node  #0, CPUs:      #1 #2 #3 #4 #5 #6 #7
Jul  2 20:18:40 thishost kernel: [    0.040418] smp: Brought up 1 node, 8 CPUs
Jul  2 20:18:40 thishost kernel: [    0.040418] smpboot: Max logical packages: 1
Jul  2 20:18:40 thishost kernel: [    0.040418] smpboot: Total of 8 processors activated (31872.00 BogoMIPS)
Jul  2 20:18:40 thishost kernel: [    0.044448] devtmpfs: initialized
Jul  2 20:18:40 thishost kernel: [    0.044448] x86/mm: Memory block size: 128MB
Jul  2 20:18:40 thishost kernel: [    0.044775] evm: security.selinux
Jul  2 20:18:40 thishost kernel: [    0.044775] evm: security.SMACK64
Jul  2 20:18:40 thishost kernel: [    0.044776] evm: security.SMACK64EXEC
Jul  2 20:18:40 thishost kernel: [    0.044776] evm: security.SMACK64TRANSMUTE
Jul  2 20:18:40 thishost kernel: [    0.044776] evm: security.SMACK64MMAP
Jul  2 20:18:40 thishost kernel: [    0.044776] evm: security.apparmor
Jul  2 20:18:40 thishost kernel: [    0.044777] evm: security.ima
Jul  2 20:18:40 thishost kernel: [    0.044777] evm: security.capability
Jul  2 20:18:40 thishost kernel: [    0.044786] PM: Registering ACPI NVS region [mem 0x2aa75000-0x2aa75fff] (4096 bytes)
Jul  2 20:18:40 thishost kernel: [    0.044786] PM: Registering ACPI NVS region [mem 0x2f3a6000-0x2f81cfff] (4681728 bytes)
Jul  2 20:18:40 thishost kernel: [    0.044786] clocksource: jiffies: mask: 0xffffffff max_cycles: 0xffffffff, max_idle_ns: 7645041785100000 ns
Jul  2 20:18:40 thishost kernel: [    0.044786] futex hash table entries: 2048 (order: 5, 131072 bytes)
Jul  2 20:18:40 thishost kernel: [    0.044786] pinctrl core: initialized pinctrl subsystem
Jul  2 20:18:40 thishost kernel: [    0.044786] RTC time:  1:18:36, date: 07/03/18
Jul  2 20:18:40 thishost kernel: [    0.044937] NET: Registered protocol family 16
Jul  2 20:18:40 thishost kernel: [    0.044996] audit: initializing netlink subsys (disabled)
Jul  2 20:18:40 thishost kernel: [    0.045000] audit: type=2000 audit(1530580716.044:1): state=initialized audit_enabled=0 res=1
Jul  2 20:18:40 thishost kernel: [    0.045000] cpuidle: using governor ladder
Jul  2 20:18:40 thishost kernel: [    0.045000] cpuidle: using governor menu
Jul  2 20:18:40 thishost kernel: [    0.045000] ACPI FADT declares the system doesn't support PCIe ASPM, so disable it
Jul  2 20:18:40 thishost kernel: [    0.045000] ACPI: bus type PCI registered
Jul  2 20:18:40 thishost kernel: [    0.045000] acpiphp: ACPI Hot Plug PCI Controller Driver version: 0.5
Jul  2 20:18:40 thishost kernel: [    0.045000] PCI: MMCONFIG for domain 0000 [bus 00-ff] at [mem 0xe0000000-0xefffffff] (base 0xe0000000)
Jul  2 20:18:40 thishost kernel: [    0.045000] PCI: MMCONFIG at [mem 0xe0000000-0xefffffff] reserved in E820
Jul  2 20:18:40 thishost kernel: [    0.045000] PCI: Using configuration type 1 for base access
Jul  2 20:18:40 thishost kernel: [    0.045000] HugeTLB registered 1.00 GiB page size, pre-allocated 0 pages
Jul  2 20:18:40 thishost kernel: [    0.045000] HugeTLB registered 2.00 MiB page size, pre-allocated 0 pages
Jul  2 20:18:40 thishost kernel: [    0.045000] ACPI: Added _OSI(Module Device)
Jul  2 20:18:40 thishost kernel: [    0.045000] ACPI: Added _OSI(Processor Device)
Jul  2 20:18:40 thishost kernel: [    0.045000] ACPI: Added _OSI(3.0 _SCP Extensions)
Jul  2 20:18:40 thishost kernel: [    0.045000] ACPI: Added _OSI(Processor Aggregator Device)
Jul  2 20:18:40 thishost kernel: [    0.049391] ACPI Error: [_SB_.PCI0.RP05.PXSX] Namespace lookup failure, AE_NOT_FOUND (20170831/dswload2-191)
Jul  2 20:18:40 thishost kernel: [    0.049397] No Local Variables are initialized for Method [PXSX]
Jul  2 20:18:40 thishost kernel: [    0.049398] No Arguments are initialized for method [PXSX]
Jul  2 20:18:40 thishost kernel: [    0.049399] ACPI Exception: AE_NOT_FOUND, During name lookup/catalog (20170831/psobject-252)
Jul  2 20:18:40 thishost kernel: [    0.049401] ACPI Error: Method parse/execution failed \_SB.PCI0.RP04.PXSX, AE_NOT_FOUND (20170831/psparse-550)
Jul  2 20:18:40 thishost kernel: [    0.049770] ACPI Error: [_SB_.PCI0.RP09.PXSX] Namespace lookup failure, AE_NOT_FOUND (20170831/dswload2-191)
Jul  2 20:18:40 thishost kernel: [    0.049773] No Local Variables are initialized for Method [PXSX]
Jul  2 20:18:40 thishost kernel: [    0.049774] No Arguments are initialized for method [PXSX]
Jul  2 20:18:40 thishost kernel: [    0.049775] ACPI Exception: AE_NOT_FOUND, During name lookup/catalog (20170831/psobject-252)
Jul  2 20:18:40 thishost kernel: [    0.049777] ACPI Error: Method parse/execution failed \_SB.PCI0.RP08.PXSX, AE_NOT_FOUND (20170831/psparse-550)
Jul  2 20:18:40 thishost kernel: [    0.051114] ACPI: Executed 47 blocks of module-level executable AML code
Jul  2 20:18:40 thishost kernel: [    0.128766] ACPI: Dynamic OEM Table Load:
Jul  2 20:18:40 thishost kernel: [    0.128766] ACPI: SSDT 0xFFFF9A086F321000 0005CD (v02 PmRef  Cpu0Ist  00003000 INTL 20160422)
Jul  2 20:18:40 thishost kernel: [    0.128848] ACPI: Executed 1 blocks of module-level executable AML code
Jul  2 20:18:40 thishost kernel: [    0.132126] ACPI: \_PR_.PR00: _OSC native thermal LVT Acked
Jul  2 20:18:40 thishost kernel: [    0.134367] ACPI: Dynamic OEM Table Load:
Jul  2 20:18:40 thishost kernel: [    0.134375] ACPI: SSDT 0xFFFF9A086ED60800 0003FF (v02 PmRef  Cpu0Cst  00003001 INTL 20160422)
Jul  2 20:18:40 thishost kernel: [    0.134752] ACPI: Executed 1 blocks of module-level executable AML code
Jul  2 20:18:40 thishost kernel: [    0.135042] ACPI: Dynamic OEM Table Load:
Jul  2 20:18:40 thishost kernel: [    0.135048] ACPI: SSDT 0xFFFF9A086F7C69C0 0000BA (v02 PmRef  Cpu0Hwp  00003000 INTL 20160422)
Jul  2 20:18:40 thishost kernel: [    0.135374] ACPI: Executed 1 blocks of module-level executable AML code
Jul  2 20:18:40 thishost kernel: [    0.135621] ACPI: Dynamic OEM Table Load:
Jul  2 20:18:40 thishost kernel: [    0.135628] ACPI: SSDT 0xFFFF9A086F7D5800 000628 (v02 PmRef  HwpLvt   00003000 INTL 20160422)
Jul  2 20:18:40 thishost kernel: [    0.135628] ACPI: Executed 1 blocks of module-level executable AML code
Jul  2 20:18:40 thishost kernel: [    0.136839] ACPI: Dynamic OEM Table Load:
Jul  2 20:18:40 thishost kernel: [    0.136851] ACPI: SSDT 0xFFFF9A086EC21000 000D14 (v02 PmRef  ApIst    00003000 INTL 20160422)
Jul  2 20:18:40 thishost kernel: [    0.138339] ACPI: Executed 1 blocks of module-level executable AML code
Jul  2 20:18:40 thishost kernel: [    0.138356] ACPI: Dynamic OEM Table Load:
Jul  2 20:18:40 thishost kernel: [    0.138356] ACPI: SSDT 0xFFFF9A086EC83800 000317 (v02 PmRef  ApHwp    00003000 INTL 20160422)
Jul  2 20:18:40 thishost ureadahead[289]: ureadahead:/var/lib/dpkg/info/libnppitc9.1:amd64.list: No such file or directory
Jul  2 20:18:40 thishost ureadahead[289]: ureadahead:/var/lib/dpkg/info/libnvgraph9.1:amd64.list: No such file or directory
Jul  2 20:18:40 thishost ureadahead[289]: ureadahead:/var/lib/dpkg/info/libcublas9.1:amd64.list: No such file or directory
Jul  2 20:18:40 thishost ureadahead[289]: ureadahead:/var/lib/dpkg/info/libnppist9.1:amd64.list: No such file or directory
Jul  2 20:18:40 thishost ureadahead[289]: ureadahead:/var/lib/dpkg/info/x11proto-core-dev.list: No such file or directory
Jul  2 20:18:40 thishost systemd[1]: Started Load/Save RF Kill Switch Status.
Jul  2 20:18:40 thishost ureadahead[289]: ureadahead:/var/lib/dpkg/info/libnppisu9.1:amd64.list: No such file or directory
Jul  2 20:18:40 thishost ureadahead[289]: ureadahead:/var/lib/dpkg/info/libnvvm3:amd64.list: No such file or directory
Jul  2 20:18:40 thishost kernel: [    0.138356] ACPI: Executed 1 blocks of module-level executable AML code
Jul  2 20:18:40 thishost ureadahead[289]: ureadahead:/var/lib/dpkg/info/nvidia-opencl-dev:amd64.list: No such file or directory
Jul  2 20:18:40 thishost kernel: [    0.138356] ACPI: Dynamic OEM Table Load:
Jul  2 20:18:40 thishost ureadahead[289]: ureadahead:/var/lib/dpkg/info/libnppim9.1:amd64.list: No such file or directory
Jul  2 20:18:40 thishost kernel: [    0.138356] ACPI: SSDT 0xFFFF9A086ECA7400 00030A (v02 PmRef  ApCst    00003000 INTL 20160422)
Jul  2 20:18:40 thishost kernel: [    0.138356] ACPI: Executed 1 blocks of module-level executable AML code
Jul  2 20:18:40 thishost kernel: [    0.141640] ACPI: EC: EC started
Jul  2 20:18:40 thishost kernel: [    0.141641] ACPI: EC: interrupt blocked
Jul  2 20:18:40 thishost ureadahead[289]: ureadahead:/var/lib/dpkg/info/cuda-gpu-library-advisor-9-2.list: No such file or directory
Jul  2 20:18:40 thishost kernel: [    0.173969] ACPI: \_SB_.PCI0.LPCB.EC0_: Used as first EC
Jul  2 20:18:40 thishost kernel: [    0.173970] ACPI: \_SB_.PCI0.LPCB.EC0_: GPE=0x17, EC_CMD/EC_SC=0x66, EC_DATA=0x62
Jul  2 20:18:40 thishost ureadahead[289]: ureadahead:/var/lib/dpkg/info/nvidia-modprobe.list: No such file or directory
Jul  2 20:18:40 thishost kernel: [    0.173971] ACPI: \_SB_.PCI0.LPCB.EC0_: Used as boot DSDT EC to handle transactions
Jul  2 20:18:40 thishost kernel: [    0.173972] ACPI: Interpreter enabled
Jul  2 20:18:40 thishost kernel: [    0.174008] ACPI: (supports S0 S3 S4 S5)
Jul  2 20:18:40 thishost kernel: [    0.174008] ACPI: Using IOAPIC for interrupt routing
Jul  2 20:18:40 thishost kernel: [    0.174042] PCI: Using host bridge windows from ACPI; if necessary, use "pci=nocrs" and report a bug
Jul  2 20:18:40 thishost kernel: [    0.174874] ACPI: GPE 0x16 active on init
Jul  2 20:18:40 thishost kernel: [    0.174913] ACPI: GPE 0x6F active on init
Jul  2 20:18:40 thishost ureadahead[289]: ureadahead:/var/lib/dpkg/info/libxcb-sync-dev:amd64.list: No such file or directory
Jul  2 20:18:40 thishost kernel: [    0.174917] ACPI: Enabled 7 GPEs in block 00 to 7F
Jul  2 20:18:40 thishost kernel: [    0.207434] ACPI: PCI Root Bridge [PCI0] (domain 0000 [bus 00-fe])
Jul  2 20:18:40 thishost kernel: [    0.207438] acpi PNP0A08:00: _OSC: OS supports [ExtendedConfig ASPM ClockPM Segments MSI]
Jul  2 20:18:40 thishost ureadahead[289]: ureadahead:/var/lib/dpkg/info/libxau-dev:amd64.list: No such file or directory
Jul  2 20:18:40 thishost kernel: [    0.207595] acpi PNP0A08:00: _OSC: platform does not support [PCIeHotplug PME AER]
Jul  2 20:18:40 thishost kernel: [    0.207742] acpi PNP0A08:00: _OSC: OS now controls [PCIeCapability]
Jul  2 20:18:40 thishost kernel: [    0.207743] acpi PNP0A08:00: FADT indicates ASPM is unsupported, using BIOS configuration
Jul  2 20:18:40 thishost ureadahead[289]: ureadahead:/var/lib/dpkg/info/libxcb-shape0-dev:amd64.list: No such file or directory
Jul  2 20:18:40 thishost kernel: [    0.208345] PCI host bridge to bus 0000:00
Jul  2 20:18:40 thishost kernel: [    0.208347] pci_bus 0000:00: root bus resource [io  0x0000-0x0cf7 window]
Jul  2 20:18:40 thishost kernel: [    0.208347] pci_bus 0000:00: root bus resource [io  0x0d00-0xffff window]
Jul  2 20:18:40 thishost kernel: [    0.208348] pci_bus 0000:00: root bus resource [mem 0x000a0000-0x000bffff window]
Jul  2 20:18:40 thishost ureadahead[289]: ureadahead:/var/lib/dpkg/info/cuda-tools-9-2.list: No such file or directory
Jul  2 20:18:40 thishost kernel: [    0.208349] pci_bus 0000:00: root bus resource [mem 0x3d000000-0xdfffffff window]
Jul  2 20:18:40 thishost kernel: [    0.208350] pci_bus 0000:00: root bus resource [mem 0xfd000000-0xfe7fffff window]
Jul  2 20:18:40 thishost kernel: [    0.208351] pci_bus 0000:00: root bus resource [bus 00-fe]
Jul  2 20:18:40 thishost ureadahead[289]: ureadahead:/var/lib/dpkg/info/libvdpau-dev:amd64.list: No such file or directory
Jul  2 20:18:40 thishost kernel: [    0.208358] pci 0000:00:00.0: [8086:5914] type 00 class 0x060000
Jul  2 20:18:40 thishost kernel: [    0.208642] pci 0000:00:02.0: [8086:5917] type 00 class 0x030000
Jul  2 20:18:40 thishost kernel: [    0.208652] pci 0000:00:02.0: reg 0x10: [mem 0xdb000000-0xdbffffff 64bit]
Jul  2 20:18:40 thishost kernel: [    0.208657] pci 0000:00:02.0: reg 0x18: [mem 0x50000000-0x5fffffff 64bit pref]
Jul  2 20:18:40 thishost kernel: [    0.208660] pci 0000:00:02.0: reg 0x20: [io  0xf000-0xf03f]
Jul  2 20:18:40 thishost kernel: [    0.208673] pci 0000:00:02.0: BAR 2: assigned to efifb
Jul  2 20:18:40 thishost ureadahead[289]: ureadahead:/var/lib/dpkg/info/lib32gcc1.list: No such file or directory
Jul  2 20:18:40 thishost kernel: [    0.208791] pci 0000:00:04.0: [8086:1903] type 00 class 0x118000
Jul  2 20:18:40 thishost kernel: [    0.208802] pci 0000:00:04.0: reg 0x10: [mem 0xdcc20000-0xdcc27fff 64bit]
Jul  2 20:18:40 thishost kernel: [    0.208993] pci 0000:00:13.0: [8086:9d35] type 00 class 0x000000
Jul  2 20:18:40 thishost kernel: [    0.209014] pci 0000:00:13.0: reg 0x10: [mem 0xdcc36000-0xdcc36fff 64bit]
Jul  2 20:18:40 thishost kernel: [    0.209209] pci 0000:00:14.0: [8086:9d2f] type 00 class 0x0c0330
Jul  2 20:18:40 thishost ureadahead[289]: ureadahead:/var/lib/dpkg/info/libxi-dev:amd64.list: No such file or directory
Jul  2 20:18:40 thishost kernel: [    0.209228] pci 0000:00:14.0: reg 0x10: [mem 0xdcc10000-0xdcc1ffff 64bit]
Jul  2 20:18:40 thishost kernel: [    0.209288] pci 0000:00:14.0: PME# supported from D3hot D3cold
Jul  2 20:18:40 thishost ureadahead[289]: ureadahead:/var/lib/dpkg/info/cuda-cusparse-dev-9-2.list: No such file or directory
Jul  2 20:18:40 thishost kernel: [    0.209464] pci 0000:00:14.2: [8086:9d31] type 00 class 0x118000
Jul  2 20:18:40 thishost kernel: [    0.209481] pci 0000:00:14.2: reg 0x10: [mem 0xdcc35000-0xdcc35fff 64bit]
Jul  2 20:18:40 thishost kernel: [    0.209665] pci 0000:00:15.0: [8086:9d60] type 00 class 0x118000
Jul  2 20:18:40 thishost kernel: [    0.209729] pci 0000:00:15.0: reg 0x10: [mem 0xdcc34000-0xdcc34fff 64bit]
Jul  2 20:18:40 thishost kernel: [    0.210008] pci 0000:00:16.0: [8086:9d3a] type 00 class 0x078000
Jul  2 20:18:40 thishost kernel: [    0.210024] pci 0000:00:16.0: reg 0x10: [mem 0xdcc33000-0xdcc33fff 64bit]
Jul  2 20:18:40 thishost kernel: [    0.210068] pci 0000:00:16.0: PME# supported from D3hot
Jul  2 20:18:40 thishost ureadahead[289]: ureadahead:/var/lib/dpkg/info/cuda-command-line-tools-9-2.list: No such file or directory
Jul  2 20:18:40 thishost kernel: [    0.210247] pci 0000:00:1c.0: [8086:9d10] type 01 class 0x060400
Jul  2 20:18:40 thishost kernel: [    0.210310] pci 0000:00:1c.0: PME# supported from D0 D3hot D3cold
Jul  2 20:18:40 thishost kernel: [    0.210463] pci 0000:00:1c.1: [8086:9d11] type 01 class 0x060400
Jul  2 20:18:40 thishost kernel: [    0.210530] pci 0000:00:1c.1: PME# supported from D0 D3hot D3cold
Jul  2 20:18:40 thishost kernel: [    0.210689] pci 0000:00:1c.4: [8086:9d14] type 01 class 0x060400
Jul  2 20:18:40 thishost ureadahead[289]: ureadahead:/var/lib/dpkg/info/libnppc9.1:amd64.list: No such file or directory
Jul  2 20:18:40 thishost kernel: [    0.210745] pci 0000:00:1c.4: PME# supported from D0 D3hot D3cold
Jul  2 20:18:40 thishost kernel: [    0.210908] pci 0000:00:1d.0: [8086:9d18] type 01 class 0x060400
Jul  2 20:18:40 thishost kernel: [    0.210975] pci 0000:00:1d.0: PME# supported from D0 D3hot D3cold
Jul  2 20:18:40 thishost kernel: [    0.212071] pci 0000:00:1e.0: [8086:9d27] type 00 class 0x118000
Jul  2 20:18:40 thishost kernel: [    0.212208] pci 0000:00:1e.0: reg 0x10: [mem 0xdcc32000-0xdcc32fff 64bit]
Jul  2 20:18:40 thishost kernel: [    0.212600] pci 0000:00:1e.2: [8086:9d29] type 00 class 0x118000
Jul  2 20:18:40 thishost kernel: [    0.212697] pci 0000:00:1e.2: reg 0x10: [mem 0xdcc31000-0xdcc31fff 64bit]
Jul  2 20:18:40 thishost kernel: [    0.213089] pci 0000:00:1f.0: [8086:9d4e] type 00 class 0x060100
Jul  2 20:18:40 thishost kernel: [    0.213307] pci 0000:00:1f.2: [8086:9d21] type 00 class 0x058000
Jul  2 20:18:40 thishost kernel: [    0.213319] pci 0000:00:1f.2: reg 0x10: [mem 0xdcc2c000-0xdcc2ffff]
Jul  2 20:18:40 thishost ureadahead[289]: ureadahead:/var/lib/dpkg/info/cuda-libraries-dev-9-2.list: No such file or directory
Jul  2 20:18:40 thishost kernel: [    0.213472] pci 0000:00:1f.3: [8086:9d71] type 00 class 0x040380
Jul  2 20:18:40 thishost kernel: [    0.213495] pci 0000:00:1f.3: reg 0x10: [mem 0xdcc28000-0xdcc2bfff 64bit]
Jul  2 20:18:40 thishost kernel: [    0.213519] pci 0000:00:1f.3: reg 0x20: [mem 0xdcc00000-0xdcc0ffff 64bit]
Jul  2 20:18:40 thishost kernel: [    0.213561] pci 0000:00:1f.3: PME# supported from D3hot D3cold
Jul  2 20:18:40 thishost kernel: [    0.213768] pci 0000:00:1f.4: [8086:9d23] type 00 class 0x0c0500
Jul  2 20:18:40 thishost kernel: [    0.213829] pci 0000:00:1f.4: reg 0x10: [mem 0xdcc30000-0xdcc300ff 64bit]
Jul  2 20:18:40 thishost ureadahead[289]: ureadahead:/var/lib/dpkg/info/freeglut3:amd64.list: No such file or directory
Jul  2 20:18:40 thishost kernel: [    0.213899] pci 0000:00:1f.4: reg 0x20: [io  0xf040-0xf05f]
Jul  2 20:18:40 thishost kernel: [    0.214161] acpiphp: Slot [1] registered
Jul  2 20:18:40 thishost kernel: [    0.214236] pci 0000:01:00.0: [10ec:525a] type 00 class 0xff0000
Jul  2 20:18:40 thishost kernel: [    0.214265] pci 0000:01:00.0: reg 0x14: [mem 0xdc000000-0xdc000fff]
Jul  2 20:18:40 thishost kernel: [    0.214359] pci 0000:01:00.0: supports D1 D2
Jul  2 20:18:40 thishost ureadahead[289]: ureadahead:/var/lib/dpkg/info/x11proto-gl-dev.list: No such file or directory
Jul  2 20:18:40 thishost kernel: [    0.214360] pci 0000:01:00.0: PME# supported from D1 D2 D3hot D3cold
Jul  2 20:18:40 thishost kernel: [    0.224196] pci 0000:00:1c.0: PCI bridge to [bus 01]
Jul  2 20:18:40 thishost kernel: [    0.224200] pci 0000:00:1c.0:   bridge window [io  0xe000-0xefff]
Jul  2 20:18:40 thishost kernel: [    0.224204] pci 0000:00:1c.0:   bridge window [mem 0xdc000000-0xdc9fffff]
Jul  2 20:18:40 thishost ureadahead[289]: ureadahead:/var/lib/dpkg/info/libpthread-stubs0-dev:amd64.list: No such file or directory
Jul  2 20:18:40 thishost kernel: [    0.224209] pci 0000:00:1c.0:   bridge window [mem 0xaa100000-0xaaafffff 64bit pref]
Jul  2 20:18:40 thishost kernel: [    0.224725] pci 0000:02:00.0: [8086:24fd] type 00 class 0x028000
Jul  2 20:18:40 thishost kernel: [    0.224826] pci 0000:02:00.0: reg 0x10: [mem 0xdcb00000-0xdcb01fff 64bit]
Jul  2 20:18:40 thishost ureadahead[289]: ureadahead:/var/lib/dpkg/info/libgl1-mesa-dev:amd64.list: No such file or directory
Jul  2 20:18:40 thishost kernel: [    0.225368] pci 0000:02:00.0: PME# supported from D0 D3hot D3cold
Jul  2 20:18:40 thishost kernel: [    0.236596] pci 0000:00:1c.1: PCI bridge to [bus 02]
Jul  2 20:18:40 thishost kernel: [    0.236601] pci 0000:00:1c.1:   bridge window [mem 0xdcb00000-0xdcbfffff]
Jul  2 20:18:40 thishost kernel: [    0.236770] pci 0000:03:00.0: [8086:15d3] type 01 class 0x060400
Jul  2 20:18:40 thishost kernel: [    0.236831] pci 0000:03:00.0: enabling Extended Tags
Jul  2 20:18:40 thishost kernel: [    0.236915] pci 0000:03:00.0: supports D1 D2
Jul  2 20:18:40 thishost ureadahead[289]: ureadahead:/var/lib/dpkg/info/libxshmfence-dev:amd64.list: No such file or directory
Jul  2 20:18:40 thishost kernel: [    0.236917] pci 0000:03:00.0: PME# supported from D0 D1 D2 D3hot D3cold
Jul  2 20:18:40 thishost kernel: [    0.237021] pci 0000:00:1c.4: PCI bridge to [bus 03-6d]
Jul  2 20:18:40 thishost kernel: [    0.237026] pci 0000:00:1c.4:   bridge window [mem 0xac000000-0xda0fffff]
Jul  2 20:18:40 thishost kernel: [    0.237031] pci 0000:00:1c.4:   bridge window [mem 0x60000000-0xa9ffffff 64bit pref]
Jul  2 20:18:40 thishost kernel: [    0.237108] pci 0000:04:00.0: [8086:15d3] type 01 class 0x060400
Jul  2 20:18:40 thishost kernel: [    0.237172] pci 0000:04:00.0: enabling Extended Tags
Jul  2 20:18:40 thishost ureadahead[289]: ureadahead:/var/lib/dpkg/info/libdrm-dev:amd64.list: No such file or directory
Jul  2 20:18:40 thishost kernel: [    0.237260] pci 0000:04:00.0: supports D1 D2
Jul  2 20:18:40 thishost kernel: [    0.237262] pci 0000:04:00.0: PME# supported from D0 D1 D2 D3hot D3cold
Jul  2 20:18:40 thishost kernel: [    0.237350] pci 0000:04:01.0: [8086:15d3] type 01 class 0x060400
Jul  2 20:18:40 thishost ureadahead[289]: ureadahead:/var/lib/dpkg/info/libglvnd-core-dev:amd64.list: No such file or directory
Jul  2 20:18:40 thishost kernel: [    0.237414] pci 0000:04:01.0: enabling Extended Tags
Jul  2 20:18:40 thishost kernel: [    0.237499] pci 0000:04:01.0: supports D1 D2
Jul  2 20:18:40 thishost kernel: [    0.237501] pci 0000:04:01.0: PME# supported from D0 D1 D2 D3hot D3cold
Jul  2 20:18:40 thishost kernel: [    0.237583] pci 0000:04:02.0: [8086:15d3] type 01 class 0x060400
Jul  2 20:18:40 thishost ureadahead[289]: ureadahead:/var/lib/dpkg/info/libice-dev:amd64.list: No such file or directory
Jul  2 20:18:40 thishost kernel: [    0.237647] pci 0000:04:02.0: enabling Extended Tags
Jul  2 20:18:40 thishost kernel: [    0.237732] pci 0000:04:02.0: supports D1 D2
Jul  2 20:18:40 thishost kernel: [    0.237734] pci 0000:04:02.0: PME# supported from D0 D1 D2 D3hot D3cold
Jul  2 20:18:40 thishost kernel: [    0.237826] pci 0000:04:04.0: [8086:15d3] type 01 class 0x060400
Jul  2 20:18:40 thishost kernel: [    0.237890] pci 0000:04:04.0: enabling Extended Tags
Jul  2 20:18:40 thishost ureadahead[289]: ureadahead:/var/lib/dpkg/info/libnvrtc9.1:amd64.list: No such file or directory
Jul  2 20:18:40 thishost kernel: [    0.237975] pci 0000:04:04.0: supports D1 D2
Jul  2 20:18:40 thishost kernel: [    0.237976] pci 0000:04:04.0: PME# supported from D0 D1 D2 D3hot D3cold
Jul  2 20:18:40 thishost ureadahead[289]: ureadahead:/var/lib/dpkg/info/libaccinj64-9.1:amd64.list: No such file or directory
Jul  2 20:18:40 thishost kernel: [    0.238081] pci 0000:03:00.0: PCI bridge to [bus 04-6d]
Jul  2 20:18:40 thishost kernel: [    0.238091] pci 0000:03:00.0:   bridge window [mem 0xac000000-0xda0fffff]
Jul  2 20:18:40 thishost kernel: [    0.238098] pci 0000:03:00.0:   bridge window [mem 0x60000000-0xa9ffffff 64bit pref]
Jul  2 20:18:40 thishost kernel: [    0.238160] pci 0000:05:00.0: [8086:15d2] type 00 class 0x088000
Jul  2 20:18:40 thishost ureadahead[289]: ureadahead:/var/lib/dpkg/info/libxcb-glx0-dev:amd64.list: No such file or directory
Jul  2 20:18:40 thishost kernel: [    0.238196] pci 0000:05:00.0: reg 0x10: [mem 0xda000000-0xda03ffff]
Jul  2 20:18:40 thishost kernel: [    0.238209] pci 0000:05:00.0: reg 0x14: [mem 0xda040000-0xda040fff]
Jul  2 20:18:40 thishost ureadahead[289]: ureadahead:/var/lib/dpkg/info/libxext-dev:amd64.list: No such file or directory
Jul  2 20:18:40 thishost ureadahead[289]: ureadahead:/var/lib/dpkg/info/libx11-xcb-dev:amd64.list: No such file or directory
Jul  2 20:18:40 thishost ureadahead[289]: ureadahead:/var/lib/dpkg/info/libxcb-randr0-dev:amd64.list: No such file or directory
Jul  2 20:18:40 thishost ureadahead[289]: ureadahead:/var/lib/dpkg/info/xorg-sgml-doctools.list: No such file or directory
Jul  2 20:18:40 thishost ureadahead[289]: ureadahead:/var/lib/dpkg/info/libcurand9.1:amd64.list: No such file or directory
Jul  2 20:18:40 thishost ureadahead[289]: ureadahead:/var/lib/dpkg/info/libcusolver9.1:amd64.list: No such file or directory
Jul  2 20:18:40 thishost ureadahead[289]: ureadahead:/var/lib/dpkg/info/cuda-nvml-dev-9-2.list: No such file or directory
Jul  2 20:18:40 thishost ureadahead[289]: ureadahead:/usr/local/cuda-9.2/libnsight/icon.xpm: No such file or directory
Jul  2 20:18:40 thishost ureadahead[289]: ureadahead:/usr/local/cuda-9.2/libnvvp/icon.xpm: No such file or directory
Jul  2 20:18:40 thishost systemd-udevd[348]: link_config: autonegotiation is unset or enabled, the speed and duplex are not writable.
Jul  2 20:18:40 thishost systemd[1]: Started Load/Save Screen Backlight Brightness of backlight:intel_backlight.
Jul  2 20:18:40 thishost systemd[1]: Found device SAMSUNG MZVLB512HAJQ-000H1 EFI\x20system\x20partition.
Jul  2 20:18:40 thishost systemd[1]: Starting File System Check on /dev/disk/by-uuid/E056-4C7F...
Jul  2 20:18:40 thishost systemd[1]: Started File System Check Daemon to report status.
Jul  2 20:18:40 thishost systemd-fsck[706]: fsck.fat 4.1 (2017-01-24)
Jul  2 20:18:40 thishost systemd-fsck[706]: /dev/nvme0n1p1: 212 files, 13669/65536 clusters
Jul  2 20:18:40 thishost systemd[1]: Started File System Check on /dev/disk/by-uuid/E056-4C7F.
Jul  2 20:18:40 thishost systemd[1]: Mounting /boot/efi...
Jul  2 20:18:40 thishost systemd[1]: Mounted /boot/efi.
Jul  2 20:18:40 thishost systemd[1]: Reached target Local File Systems.
Jul  2 20:18:40 thishost systemd[1]: Starting Clean up any mess left by 0dns-up...
Jul  2 20:18:40 thishost systemd[1]: Starting Create Volatile Files and Directories...
Jul  2 20:18:40 thishost systemd[1]: Starting Set console font and keymap...
Jul  2 20:18:40 thishost systemd[1]: Starting AppArmor initialization...
Jul  2 20:18:40 thishost kernel: [    0.238277] pci 0000:05:00.0: enabling Extended Tags
Jul  2 20:18:40 thishost kernel: [    0.238381] pci 0000:05:00.0: supports D1 D2
Jul  2 20:18:40 thishost kernel: [    0.238383] pci 0000:05:00.0: PME# supported from D0 D1 D2 D3hot D3cold
Jul  2 20:18:40 thishost kernel: [    0.238514] pci 0000:04:00.0: PCI bridge to [bus 05]
Jul  2 20:18:40 thishost kernel: [    0.238524] pci 0000:04:00.0:   bridge window [mem 0xda000000-0xda0fffff]
Jul  2 20:18:40 thishost kernel: [    0.238590] pci 0000:04:01.0: PCI bridge to [bus 06-38]
Jul  2 20:18:40 thishost systemd[1]: Starting Tell Plymouth To Write Out Runtime Data...
Jul  2 20:18:40 thishost kernel: [    0.238599] pci 0000:04:01.0:   bridge window [mem 0xac000000-0xc3efffff]
Jul  2 20:18:40 thishost kernel: [    0.238606] pci 0000:04:01.0:   bridge window [mem 0x60000000-0x7fffffff 64bit pref]
Jul  2 20:18:40 thishost kernel: [    0.238663] pci 0000:04:02.0: PCI bridge to [bus 39]
Jul  2 20:18:40 thishost kernel: [    0.238672] pci 0000:04:02.0:   bridge window [mem 0xc3f00000-0xc3ffffff]
Jul  2 20:18:40 thishost kernel: [    0.238721] pci 0000:04:04.0: PCI bridge to [bus 3a-6d]
Jul  2 20:18:40 thishost systemd[1]: Started Set console font and keymap.
Jul  2 20:18:40 thishost kernel: [    0.238730] pci 0000:04:04.0:   bridge window [mem 0xc4000000-0xd9ffffff]
Jul  2 20:18:40 thishost kernel: [    0.238736] pci 0000:04:04.0:   bridge window [mem 0x80000000-0xa9ffffff 64bit pref]
Jul  2 20:18:40 thishost systemd[1]: Reached target Sound Card.
Jul  2 20:18:40 thishost kernel: [    0.239065] pci 0000:6e:00.0: [144d:a808] type 00 class 0x010802
Jul  2 20:18:40 thishost kernel: [    0.239097] pci 0000:6e:00.0: reg 0x10: [mem 0xdca00000-0xdca03fff 64bit]
Jul  2 20:18:40 thishost kernel: [    0.248247] pci 0000:00:1d.0: PCI bridge to [bus 6e]
Jul  2 20:18:40 thishost kernel: [    0.248252] pci 0000:00:1d.0:   bridge window [mem 0xdca00000-0xdcafffff]
Jul  2 20:18:40 thishost kernel: [    0.252037] ACPI: PCI Interrupt Link [LNKA] (IRQs 3 4 5 6 10 *11 12 14 15)
Jul  2 20:18:40 thishost kernel: [    0.252131] ACPI: PCI Interrupt Link [LNKB] (IRQs 3 4 5 6 *10 11 12 14 15)
Jul  2 20:18:40 thishost kernel: [    0.252223] ACPI: PCI Interrupt Link [LNKC] (IRQs 3 4 5 6 10 *11 12 14 15)
Jul  2 20:18:40 thishost systemd[1]: Started Clean up any mess left by 0dns-up.
Jul  2 20:18:40 thishost kernel: [    0.252314] ACPI: PCI Interrupt Link [LNKD] (IRQs 3 4 5 6 10 *11 12 14 15)
Jul  2 20:18:40 thishost kernel: [    0.252405] ACPI: PCI Interrupt Link [LNKE] (IRQs 3 4 5 6 10 *11 12 14 15)
Jul  2 20:18:40 thishost kernel: [    0.252496] ACPI: PCI Interrupt Link [LNKF] (IRQs 3 4 5 6 10 *11 12 14 15)
Jul  2 20:18:40 thishost systemd[1]: Started Create Volatile Files and Directories.
Jul  2 20:18:40 thishost kernel: [    0.252586] ACPI: PCI Interrupt Link [LNKG] (IRQs 3 4 5 6 10 *11 12 14 15)
Jul  2 20:18:40 thishost kernel: [    0.252677] ACPI: PCI Interrupt Link [LNKH] (IRQs 3 4 5 6 10 *11 12 14 15)
Jul  2 20:18:40 thishost kernel: [    0.254814] ACPI: EC: interrupt unblocked
Jul  2 20:18:40 thishost systemd[1]: Starting Network Time Synchronization...
Jul  2 20:18:40 thishost kernel: [    0.254828] ACPI: EC: event unblocked
Jul  2 20:18:40 thishost kernel: [    0.254842] ACPI: \_SB_.PCI0.LPCB.EC0_: GPE=0x17, EC_CMD/EC_SC=0x66, EC_DATA=0x62
Jul  2 20:18:40 thishost kernel: [    0.254843] ACPI: \_SB_.PCI0.LPCB.EC0_: Used as boot DSDT EC to handle transactions and events
Jul  2 20:18:40 thishost kernel: [    0.255058] SCSI subsystem initialized
Jul  2 20:18:40 thishost kernel: [    0.255074] libata version 3.00 loaded.
Jul  2 20:18:40 thishost kernel: [    0.255074] pci 0000:00:02.0: vgaarb: setting as boot VGA device
Jul  2 20:18:40 thishost kernel: [    0.255074] pci 0000:00:02.0: vgaarb: VGA device added: decodes=io+mem,owns=io+mem,locks=none
Jul  2 20:18:40 thishost systemd[1]: Starting Network Name Resolution...
Jul  2 20:18:40 thishost kernel: [    0.255074] pci 0000:00:02.0: vgaarb: bridge control possible
Jul  2 20:18:40 thishost kernel: [    0.255074] vgaarb: loaded
Jul  2 20:18:40 thishost kernel: [    0.255074] ACPI: bus type USB registered
Jul  2 20:18:40 thishost kernel: [    0.255074] usbcore: registered new interface driver usbfs
Jul  2 20:18:40 thishost kernel: [    0.255074] usbcore: registered new interface driver hub
Jul  2 20:18:40 thishost systemd[1]: Starting Update UTMP about System Boot/Shutdown...
Jul  2 20:18:40 thishost kernel: [    0.255074] usbcore: registered new device driver usb
Jul  2 20:18:40 thishost kernel: [    0.255074] EDAC MC: Ver: 3.0.0
Jul  2 20:18:40 thishost systemd[1]: Started Update UTMP about System Boot/Shutdown.
Jul  2 20:18:40 thishost kernel: [    0.255074] Registered efivars operations
Jul  2 20:18:40 thishost kernel: [    0.283817] PCI: Using ACPI for IRQ routing
Jul  2 20:18:40 thishost kernel: [    0.303822] PCI: pci_cache_line_size set to 64 bytes
Jul  2 20:18:40 thishost kernel: [    0.304758] e820: reserve RAM buffer [mem 0x00058000-0x0005ffff]
Jul  2 20:18:40 thishost kernel: [    0.304759] e820: reserve RAM buffer [mem 0x0009f000-0x0009ffff]
Jul  2 20:18:40 thishost systemd[1]: Received SIGRTMIN+20 from PID 357 (plymouthd).
Jul  2 20:18:40 thishost kernel: [    0.304760] e820: reserve RAM buffer [mem 0x2aa75000-0x2bffffff]
Jul  2 20:18:40 thishost kernel: [    0.304760] e820: reserve RAM buffer [mem 0x2e47b000-0x2fffffff]
Jul  2 20:18:40 thishost kernel: [    0.304761] e820: reserve RAM buffer [mem 0x4c2000000-0x4c3ffffff]
Jul  2 20:18:40 thishost systemd[1]: Started Show Plymouth Boot Screen.
Jul  2 20:18:40 thishost kernel: [    0.304817] NetLabel: Initializing
Jul  2 20:18:40 thishost kernel: [    0.304818] NetLabel:  domain hash size = 128
Jul  2 20:18:40 thishost kernel: [    0.304818] NetLabel:  protocols = UNLABELED CIPSOv4 CALIPSO
Jul  2 20:18:40 thishost kernel: [    0.304827] NetLabel:  unlabeled traffic allowed by default
Jul  2 20:18:40 thishost kernel: [    0.304834] hpet0: at MMIO 0xfed00000, IRQs 2, 8, 0, 0, 0, 0, 0, 0
Jul  2 20:18:40 thishost systemd[1]: Reached target Local Encrypted Volumes.
Jul  2 20:18:40 thishost kernel: [    0.304834] hpet0: 8 comparators, 64-bit 24.000000 MHz counter
Jul  2 20:18:40 thishost kernel: [    0.306150] clocksource: Switched to clocksource hpet
Jul  2 20:18:40 thishost kernel: [    0.311242] VFS: Disk quotas dquot_6.6.0
Jul  2 20:18:40 thishost systemd[1]: Started Forward Password Requests to Plymouth Directory Watch.
Jul  2 20:18:40 thishost kernel: [    0.311252] VFS: Dquot-cache hash table entries: 512 (order 0, 4096 bytes)
Jul  2 20:18:40 thishost kernel: [    0.311321] AppArmor: AppArmor Filesystem Enabled
Jul  2 20:18:40 thishost kernel: [    0.311334] pnp: PnP ACPI init
Jul  2 20:18:40 thishost kernel: [    0.311523] system 00:00: [io  0x0680-0x069f] has been reserved
Jul  2 20:18:40 thishost kernel: [    0.311524] system 00:00: [io  0xffff] has been reserved
Jul  2 20:18:40 thishost kernel: [    0.311525] system 00:00: [io  0xffff] has been reserved
Jul  2 20:18:40 thishost kernel: [    0.311526] system 00:00: [io  0xffff] has been reserved
Jul  2 20:18:40 thishost systemd[1]: Started Tell Plymouth To Write Out Runtime Data.
Jul  2 20:18:40 thishost kernel: [    0.311527] system 00:00: [io  0x1800-0x18fe] has been reserved
Jul  2 20:18:40 thishost kernel: [    0.311528] system 00:00: [io  0x164e-0x164f] has been reserved
Jul  2 20:18:40 thishost kernel: [    0.311531] system 00:00: Plug and Play ACPI device, IDs PNP0c02 (active)
Jul  2 20:18:40 thishost apparmor[718]:  * Starting AppArmor profiles
Jul  2 20:18:40 thishost kernel: [    0.311609] pnp 00:01: Plug and Play ACPI device, IDs PNP0b00 (active)
Jul  2 20:18:40 thishost kernel: [    0.311638] system 00:02: [io  0x1854-0x1857] has been reserved
Jul  2 20:18:40 thishost kernel: [    0.311640] system 00:02: Plug and Play ACPI device, IDs INT3f0d PNP0c02 (active)
Jul  2 20:18:40 thishost kernel: [    0.311723] pnp 00:03: Plug and Play ACPI device, IDs HPQ8001 PNP0303 (active)
Jul  2 20:18:40 thishost kernel: [    0.311743] pnp 00:04: Plug and Play ACPI device, IDs SYN326a SYN1e00 SYN0002 PNP0f13 (active)
Jul  2 20:18:40 thishost kernel: [    0.311930] system 00:05: [mem 0xfed10000-0xfed17fff] has been reserved
Jul  2 20:18:40 thishost apparmor[718]: Skipping profile in /etc/apparmor.d/disable: usr.bin.firefox
Jul  2 20:18:40 thishost kernel: [    0.311931] system 00:05: [mem 0xfed18000-0xfed18fff] has been reserved
Jul  2 20:18:40 thishost kernel: [    0.311932] system 00:05: [mem 0xfed19000-0xfed19fff] has been reserved
Jul  2 20:18:40 thishost kernel: [    0.311933] system 00:05: [mem 0xe0000000-0xefffffff] has been reserved
Jul  2 20:18:40 thishost apparmor[718]: Skipping profile in /etc/apparmor.d/disable: usr.sbin.rsyslogd
Jul  2 20:18:40 thishost kernel: [    0.311934] system 00:05: [mem 0xfed20000-0xfed3ffff] has been reserved
Jul  2 20:18:40 thishost kernel: [    0.311935] system 00:05: [mem 0xfed90000-0xfed93fff] could not be reserved
Jul  2 20:18:40 thishost kernel: [    0.311936] system 00:05: [mem 0xfed45000-0xfed8ffff] has been reserved
Jul  2 20:18:40 thishost kernel: [    0.311937] system 00:05: [mem 0xff000000-0xffffffff] has been reserved
Jul  2 20:18:40 thishost apparmor[718]:    ...done.
Jul  2 20:18:40 thishost kernel: [    0.311938] system 00:05: [mem 0xfee00000-0xfeefffff] could not be reserved
Jul  2 20:18:40 thishost kernel: [    0.311939] system 00:05: [mem 0xdffe0000-0xdfffffff] has been reserved
Jul  2 20:18:40 thishost kernel: [    0.311941] system 00:05: Plug and Play ACPI device, IDs PNP0c02 (active)
Jul  2 20:18:40 thishost kernel: [    0.311973] system 00:06: [mem 0xfd000000-0xfdabffff] has been reserved
Jul  2 20:18:40 thishost kernel: [    0.311974] system 00:06: [mem 0xfdad0000-0xfdadffff] has been reserved
Jul  2 20:18:40 thishost kernel: [    0.311975] system 00:06: [mem 0xfdb00000-0xfdffffff] has been reserved
Jul  2 20:18:40 thishost systemd[1]: Started AppArmor initialization.
Jul  2 20:18:40 thishost kernel: [    0.311976] system 00:06: [mem 0xfe000000-0xfe01ffff] could not be reserved
Jul  2 20:18:40 thishost systemd[1]: Starting Raise network interfaces...
Jul  2 20:18:40 thishost kernel: [    0.311977] system 00:06: [mem 0xfe036000-0xfe03bfff] has been reserved
Jul  2 20:18:40 thishost kernel: [    0.311978] system 00:06: [mem 0xfe03d000-0xfe3fffff] has been reserved
Jul  2 20:18:40 thishost kernel: [    0.311979] system 00:06: [mem 0xfe410000-0xfe7fffff] has been reserved
Jul  2 20:18:40 thishost kernel: [    0.311981] system 00:06: Plug and Play ACPI device, IDs PNP0c02 (active)
Jul  2 20:18:40 thishost kernel: [    0.312249] system 00:07: [io  0xff00-0xfffe] has been reserved
Jul  2 20:18:40 thishost kernel: [    0.312251] system 00:07: Plug and Play ACPI device, IDs PNP0c02 (active)
Jul  2 20:18:40 thishost systemd[1]: Started Raise network interfaces.
Jul  2 20:18:40 thishost kernel: [    0.313187] system 00:08: [mem 0xfe029000-0xfe029fff] has been reserved
Jul  2 20:18:40 thishost kernel: [    0.313188] system 00:08: [mem 0xfe028000-0xfe028fff] has been reserved
Jul  2 20:18:40 thishost systemd[1]: Started Network Time Synchronization.
Jul  2 20:18:40 thishost kernel: [    0.313190] system 00:08: Plug and Play ACPI device, IDs PNP0c02 (active)
Jul  2 20:18:40 thishost kernel: [    0.314732] pnp: PnP ACPI: found 9 devices
Jul  2 20:18:40 thishost kernel: [    0.321926] clocksource: acpi_pm: mask: 0xffffff max_cycles: 0xffffff, max_idle_ns: 2085701024 ns
Jul  2 20:18:40 thishost kernel: [    0.321954] pci 0000:04:01.0: bridge window [io  0x1000-0x0fff] to [bus 06-38] add_size 1000
Jul  2 20:18:40 thishost kernel: [    0.321969] pci 0000:04:04.0: bridge window [io  0x1000-0x0fff] to [bus 3a-6d] add_size 1000
Jul  2 20:18:40 thishost systemd-resolved[733]: Positive Trust Anchors:
Jul  2 20:18:40 thishost kernel: [    0.321977] pci 0000:03:00.0: bridge window [io  0x1000-0x0fff] to [bus 04-6d] add_size 2000
Jul  2 20:18:40 thishost systemd-resolved[733]: . IN DS 19036 8 2 49aac11d7b6f6446702e54a1607371607a1a41855200fd2ce1cdde32f24e8fb5
Jul  2 20:18:40 thishost kernel: [    0.321982] pci 0000:00:1c.4: bridge window [io  0x1000-0x0fff] to [bus 03-6d] add_size 2000
Jul  2 20:18:40 thishost kernel: [    0.321991] pci 0000:00:1c.4: BAR 13: assigned [io  0x2000-0x3fff]
Jul  2 20:18:40 thishost kernel: [    0.321993] pci 0000:00:1c.0: PCI bridge to [bus 01]
Jul  2 20:18:40 thishost kernel: [    0.321994] pci 0000:00:1c.0:   bridge window [io  0xe000-0xefff]
Jul  2 20:18:40 thishost kernel: [    0.321998] pci 0000:00:1c.0:   bridge window [mem 0xdc000000-0xdc9fffff]
Jul  2 20:18:40 thishost systemd-resolved[733]: . IN DS 20326 8 2 e06d44b80b8f1d39a95c0b0d7c65d08458e880409bbc683457104237c7f8ec8d
Jul  2 20:18:40 thishost kernel: [    0.322000] pci 0000:00:1c.0:   bridge window [mem 0xaa100000-0xaaafffff 64bit pref]
Jul  2 20:18:40 thishost kernel: [    0.322004] pci 0000:00:1c.1: PCI bridge to [bus 02]
Jul  2 20:18:40 thishost kernel: [    0.322006] pci 0000:00:1c.1:   bridge window [mem 0xdcb00000-0xdcbfffff]
Jul  2 20:18:40 thishost kernel: [    0.322012] pci 0000:03:00.0: BAR 13: assigned [io  0x2000-0x3fff]
Jul  2 20:18:40 thishost kernel: [    0.322013] pci 0000:04:01.0: BAR 13: assigned [io  0x2000-0x2fff]
Jul  2 20:18:40 thishost kernel: [    0.322014] pci 0000:04:04.0: BAR 13: assigned [io  0x3000-0x3fff]
Jul  2 20:18:40 thishost kernel: [    0.322015] pci 0000:04:00.0: PCI bridge to [bus 05]
Jul  2 20:18:40 thishost systemd-resolved[733]: Negative trust anchors: 10.in-addr.arpa 16.172.in-addr.arpa 17.172.in-addr.arpa 18.172.in-addr.arpa 19.172.in-addr.arpa 20.172.in-addr.arpa 21.172.in-addr.arpa 22.172.in-addr.arpa 23.172.in-addr.arpa 24.172.in-addr.arpa 25.172.in-addr.arpa 26.172.in-addr.arpa 27.172.in-addr.arpa 28.172.in-addr.arpa 29.172.in-addr.arpa 30.172.in-addr.arpa 31.172.in-addr.arpa 168.192.in-addr.arpa d.f.ip6.arpa corp home internal intranet lan local private test
Jul  2 20:18:40 thishost systemd[1]: Reached target System Time Synchronized.
Jul  2 20:18:40 thishost systemd[1]: Reached target System Initialization.
Jul  2 20:18:40 thishost systemd[1]: Listening on CUPS Scheduler.
Jul  2 20:18:40 thishost systemd-resolved[733]: Using system hostname 'thishost'.
Jul  2 20:18:40 thishost systemd[1]: Started Message of the Day.
Jul  2 20:18:40 thishost systemd[1]: Started Trigger anacron every hour.
Jul  2 20:18:40 thishost systemd[1]: Started CUPS Scheduler.
Jul  2 20:18:40 thishost systemd[1]: Started ACPI Events Check.
Jul  2 20:18:40 thishost systemd[1]: Reached target Paths.
Jul  2 20:18:40 thishost systemd[1]: Started Daily apt download activities.
Jul  2 20:18:40 thishost systemd[1]: Started Daily apt upgrade and clean activities.
Jul  2 20:18:40 thishost systemd[1]: Listening on UUID daemon activation socket.
Jul  2 20:18:40 thishost systemd[1]: Started Daily Cleanup of Temporary Directories.
Jul  2 20:18:40 thishost systemd[1]: Listening on ACPID Listen Socket.
Jul  2 20:18:40 thishost systemd[1]: Listening on D-Bus System Message Bus Socket.
Jul  2 20:18:40 thishost systemd[1]: Starting Socket activation for snappy daemon.
Jul  2 20:18:40 thishost systemd[1]: Listening on Avahi mDNS/DNS-SD Stack Activation Socket.
Jul  2 20:18:40 thishost systemd[1]: Started Discard unused blocks once a week.
Jul  2 20:18:40 thishost systemd[1]: Reached target Timers.
Jul  2 20:18:40 thishost systemd[1]: Started Network Name Resolution.
Jul  2 20:18:40 thishost systemd[1]: Reached target Host and Network Name Lookups.
Jul  2 20:18:40 thishost systemd[1]: Listening on Socket activation for snappy daemon.
Jul  2 20:18:40 thishost systemd[1]: Reached target Sockets.
Jul  2 20:18:40 thishost systemd[1]: Reached target Basic System.
Jul  2 20:18:40 thishost systemd[1]: Starting LSB: Speech Dispatcher...
Jul  2 20:18:40 thishost systemd[1]: Starting LSB: Record successful boot for GRUB...
Jul  2 20:18:40 thishost kernel: [    0.322020] pci 0000:04:00.0:   bridge window [mem 0xda000000-0xda0fffff]
Jul  2 20:18:40 thishost systemd[1]: Starting Avahi mDNS/DNS-SD Stack...
Jul  2 20:18:40 thishost kernel: [    0.322027] pci 0000:04:01.0: PCI bridge to [bus 06-38]
Jul  2 20:18:40 thishost kernel: [    0.322029] pci 0000:04:01.0:   bridge window [io  0x2000-0x2fff]
Jul  2 20:18:40 thishost kernel: [    0.322033] pci 0000:04:01.0:   bridge window [mem 0xac000000-0xc3efffff]
Jul  2 20:18:40 thishost kernel: [    0.322036] pci 0000:04:01.0:   bridge window [mem 0x60000000-0x7fffffff 64bit pref]
Jul  2 20:18:40 thishost kernel: [    0.322042] pci 0000:04:02.0: PCI bridge to [bus 39]
Jul  2 20:18:40 thishost systemd[1]: Reached target Login Prompts.
Jul  2 20:18:40 thishost kernel: [    0.322046] pci 0000:04:02.0:   bridge window [mem 0xc3f00000-0xc3ffffff]
Jul  2 20:18:40 thishost kernel: [    0.322053] pci 0000:04:04.0: PCI bridge to [bus 3a-6d]
Jul  2 20:18:40 thishost kernel: [    0.322055] pci 0000:04:04.0:   bridge window [io  0x3000-0x3fff]
Jul  2 20:18:40 thishost systemd[1]: Starting Thermal Daemon Service...
Jul  2 20:18:40 thishost kernel: [    0.322059] pci 0000:04:04.0:   bridge window [mem 0xc4000000-0xd9ffffff]
Jul  2 20:18:40 thishost kernel: [    0.322062] pci 0000:04:04.0:   bridge window [mem 0x80000000-0xa9ffffff 64bit pref]
Jul  2 20:18:40 thishost kernel: [    0.322067] pci 0000:03:00.0: PCI bridge to [bus 04-6d]
Jul  2 20:18:40 thishost kernel: [    0.322069] pci 0000:03:00.0:   bridge window [io  0x2000-0x3fff]
Jul  2 20:18:40 thishost systemd[1]: Started ACPI event daemon.
Jul  2 20:18:40 thishost kernel: [    0.322073] pci 0000:03:00.0:   bridge window [mem 0xac000000-0xda0fffff]
Jul  2 20:18:40 thishost kernel: [    0.322076] pci 0000:03:00.0:   bridge window [mem 0x60000000-0xa9ffffff 64bit pref]
Jul  2 20:18:40 thishost kernel: [    0.322081] pci 0000:00:1c.4: PCI bridge to [bus 03-6d]
Jul  2 20:18:40 thishost kernel: [    0.322083] pci 0000:00:1c.4:   bridge window [io  0x2000-0x3fff]
Jul  2 20:18:40 thishost systemd[1]: Starting Disk Manager...
Jul  2 20:18:40 thishost kernel: [    0.322085] pci 0000:00:1c.4:   bridge window [mem 0xac000000-0xda0fffff]
Jul  2 20:18:40 thishost kernel: [    0.322087] pci 0000:00:1c.4:   bridge window [mem 0x60000000-0xa9ffffff 64bit pref]
Jul  2 20:18:40 thishost systemd[1]: Started Set the CPU Frequency Scaling governor.
Jul  2 20:18:40 thishost kernel: [    0.322090] pci 0000:00:1d.0: PCI bridge to [bus 6e]
Jul  2 20:18:40 thishost kernel: [    0.322095] pci 0000:00:1d.0:   bridge window [mem 0xdca00000-0xdcafffff]
Jul  2 20:18:40 thishost kernel: [    0.322101] pci_bus 0000:00: resource 4 [io  0x0000-0x0cf7 window]
Jul  2 20:18:40 thishost kernel: [    0.322102] pci_bus 0000:00: resource 5 [io  0x0d00-0xffff window]
Jul  2 20:18:40 thishost kernel: [    0.322102] pci_bus 0000:00: resource 6 [mem 0x000a0000-0x000bffff window]
Jul  2 20:18:40 thishost kernel: [    0.322103] pci_bus 0000:00: resource 7 [mem 0x3d000000-0xdfffffff window]
Jul  2 20:18:40 thishost kernel: [    0.322104] pci_bus 0000:00: resource 8 [mem 0xfd000000-0xfe7fffff window]
Jul  2 20:18:40 thishost avahi-daemon[863]: Found user 'avahi' (UID 115) and group 'avahi' (GID 122).
Jul  2 20:18:40 thishost kernel: [    0.322105] pci_bus 0000:01: resource 0 [io  0xe000-0xefff]
Jul  2 20:18:40 thishost kernel: [    0.322106] pci_bus 0000:01: resource 1 [mem 0xdc000000-0xdc9fffff]
Jul  2 20:18:40 thishost kernel: [    0.322107] pci_bus 0000:01: resource 2 [mem 0xaa100000-0xaaafffff 64bit pref]
Jul  2 20:18:40 thishost avahi-daemon[863]: Successfully dropped root privileges.
Jul  2 20:18:40 thishost kernel: [    0.322108] pci_bus 0000:02: resource 1 [mem 0xdcb00000-0xdcbfffff]
Jul  2 20:18:40 thishost kernel: [    0.322109] pci_bus 0000:03: resource 0 [io  0x2000-0x3fff]
Jul  2 20:18:40 thishost kernel: [    0.322109] pci_bus 0000:03: resource 1 [mem 0xac000000-0xda0fffff]
Jul  2 20:18:40 thishost kernel: [    0.322110] pci_bus 0000:03: resource 2 [mem 0x60000000-0xa9ffffff 64bit pref]
Jul  2 20:18:40 thishost systemd[1]: Starting Thunderbolt system service...
Jul  2 20:18:40 thishost kernel: [    0.322111] pci_bus 0000:04: resource 0 [io  0x2000-0x3fff]
Jul  2 20:18:40 thishost kernel: [    0.322112] pci_bus 0000:04: resource 1 [mem 0xac000000-0xda0fffff]
Jul  2 20:18:40 thishost kernel: [    0.322113] pci_bus 0000:04: resource 2 [mem 0x60000000-0xa9ffffff 64bit pref]
Jul  2 20:18:40 thishost kernel: [    0.322113] pci_bus 0000:05: resource 1 [mem 0xda000000-0xda0fffff]
Jul  2 20:18:40 thishost avahi-daemon[863]: avahi-daemon 0.7 starting up.
Jul  2 20:18:40 thishost kernel: [    0.322114] pci_bus 0000:06: resource 0 [io  0x2000-0x2fff]
Jul  2 20:18:40 thishost kernel: [    0.322115] pci_bus 0000:06: resource 1 [mem 0xac000000-0xc3efffff]
Jul  2 20:18:40 thishost systemd[1]: Starting Fall back on nouveau if nvidia is not loaded...
Jul  2 20:18:40 thishost kernel: [    0.322116] pci_bus 0000:06: resource 2 [mem 0x60000000-0x7fffffff 64bit pref]
Jul  2 20:18:40 thishost kernel: [    0.322117] pci_bus 0000:39: resource 1 [mem 0xc3f00000-0xc3ffffff]
Jul  2 20:18:40 thishost kernel: [    0.322118] pci_bus 0000:3a: resource 0 [io  0x3000-0x3fff]
Jul  2 20:18:40 thishost kernel: [    0.322118] pci_bus 0000:3a: resource 1 [mem 0xc4000000-0xd9ffffff]
Jul  2 20:18:40 thishost kernel: [    0.322119] pci_bus 0000:3a: resource 2 [mem 0x80000000-0xa9ffffff 64bit pref]
Jul  2 20:18:40 thishost kernel: [    0.322120] pci_bus 0000:6e: resource 1 [mem 0xdca00000-0xdcafffff]
Jul  2 20:18:40 thishost systemd[1]: Starting Modem Manager...
Jul  2 20:18:40 thishost kernel: [    0.322242] NET: Registered protocol family 2
Jul  2 20:18:40 thishost kernel: [    0.322375] TCP established hash table entries: 131072 (order: 8, 1048576 bytes)
Jul  2 20:18:40 thishost kernel: [    0.322525] TCP bind hash table entries: 65536 (order: 8, 1048576 bytes)
Jul  2 20:18:40 thishost kernel: [    0.322664] TCP: Hash tables configured (established 131072 bind 65536)
Jul  2 20:18:40 thishost kernel: [    0.322692] UDP hash table entries: 8192 (order: 6, 262144 bytes)
Jul  2 20:18:40 thishost kernel: [    0.322732] UDP-Lite hash table entries: 8192 (order: 6, 262144 bytes)
Jul  2 20:18:40 thishost kernel: [    0.322792] NET: Registered protocol family 1
Jul  2 20:18:40 thishost modprobe[875]: modprobe: FATAL: Module nouveau not found in directory /lib/modules/4.15.0-23-generic
Jul  2 20:18:40 thishost kernel: [    0.322801] pci 0000:00:02.0: Video device with shadowed ROM at [mem 0x000c0000-0x000dffff]
Jul  2 20:18:40 thishost kernel: [    0.323356] PCI: CLS mismatch (64 != 128), using 64 bytes
Jul  2 20:18:40 thishost kernel: [    0.323386] Unpacking initramfs...
Jul  2 20:18:40 thishost kernel: [    0.917913] Freeing initrd memory: 61272K
Jul  2 20:18:40 thishost systemd[1]: Starting Accounts Service...
Jul  2 20:18:40 thishost kernel: [    0.917950] DMAR: ACPI device "device:76" under DMAR at fed91000 as 00:15.0
Jul  2 20:18:40 thishost kernel: [    0.917953] DMAR: ACPI device "device:77" under DMAR at fed91000 as 00:1e.2
Jul  2 20:18:40 thishost kernel: [    0.917955] DMAR: ACPI device "device:78" under DMAR at fed91000 as 00:1e.0
Jul  2 20:18:40 thishost systemd[1]: Starting System Logging Service...
Jul  2 20:18:40 thishost kernel: [    0.917971] PCI-DMA: Using software bounce buffering for IO (SWIOTLB)
Jul  2 20:18:40 thishost kernel: [    0.917973] software IO TLB [mem 0x16b6c000-0x1ab6c000] (64MB) mapped at [000000001ad7755e-0000000051a1b05b]
Jul  2 20:18:40 thishost kernel: [    0.918239] clocksource: tsc: mask: 0xffffffffffffffff max_cycles: 0x396d519840e, max_idle_ns: 881590569543 ns
Jul  2 20:18:40 thishost kernel: [    0.918458] Scanning for low memory corruption every 60 seconds
Jul  2 20:18:40 thishost kernel: [    0.919000] Initialise system trusted keyrings
Jul  2 20:18:40 thishost kernel: [    0.919007] Key type blacklist registered
Jul  2 20:18:40 thishost kernel: [    0.919072] workingset: timestamp_bits=36 max_order=22 bucket_order=0
Jul  2 20:18:40 thishost kernel: [    0.919729] zbud: loaded
Jul  2 20:18:40 thishost kernel: [    0.920097] squashfs: version 4.0 (2009/01/31) Phillip Lougher
Jul  2 20:18:40 thishost kernel: [    0.920227] fuse init (API version 7.26)
Jul  2 20:18:40 thishost kernel: [    0.922429] Key type asymmetric registered
Jul  2 20:18:40 thishost kernel: [    0.922429] Asymmetric key parser 'x509' registered
Jul  2 20:18:40 thishost kernel: [    0.922444] Block layer SCSI generic (bsg) driver version 0.4 loaded (major 246)
Jul  2 20:18:40 thishost systemd[1]: Starting Login Service...
Jul  2 20:18:40 thishost kernel: [    0.922483] io scheduler noop registered
Jul  2 20:18:40 thishost kernel: [    0.922484] io scheduler deadline registered
Jul  2 20:18:40 thishost kernel: [    0.922509] io scheduler cfq registered (default)
Jul  2 20:18:40 thishost kernel: [    0.923216] pcieport 0000:03:00.0: enabling device (0006 -> 0007)
Jul  2 20:18:40 thishost kernel: [    0.923514] pcieport 0000:04:01.0: enabling device (0006 -> 0007)
Jul  2 20:18:40 thishost systemd[1]: Starting LSB: automatic crash report generation...
Jul  2 20:18:40 thishost kernel: [    0.923805] pcieport 0000:04:04.0: enabling device (0006 -> 0007)
Jul  2 20:18:40 thishost kernel: [    0.923986] efifb: probing for efifb
Jul  2 20:18:40 thishost kernel: [    0.923993] efifb: framebuffer at 0x50000000, using 1920k, total 1920k
Jul  2 20:18:40 thishost systemd[1]: Starting Dispatcher daemon for systemd-networkd...
Jul  2 20:18:40 thishost kernel: [    0.923994] efifb: mode is 800x600x32, linelength=3200, pages=1
Jul  2 20:18:40 thishost kernel: [    0.923994] efifb: scrolling: redraw
Jul  2 20:18:40 thishost kernel: [    0.923995] efifb: Truecolor: size=8:8:8:8, shift=24:16:8:0
Jul  2 20:18:40 thishost kernel: [    0.924109] Console: switching to colour frame buffer device 100x37
Jul  2 20:18:40 thishost kernel: [    0.924116] fb0: EFI VGA frame buffer device
Jul  2 20:18:40 thishost udisksd[871]: udisks daemon version 2.7.6 starting
Jul  2 20:18:40 thishost kernel: [    0.924121] intel_idle: MWAIT substates: 0x11142120
Jul  2 20:18:40 thishost kernel: [    0.924122] intel_idle: v0.4.1 model 0x8E
Jul  2 20:18:40 thishost kernel: [    0.924484] intel_idle: lapic_timer_reliable_states 0xffffffff
Jul  2 20:18:40 thishost kernel: [    0.924990] ACPI: AC Adapter [ADP1] (on-line)
Jul  2 20:18:40 thishost kernel: [    0.925031] input: Lid Switch as /devices/LNXSYSTM:00/LNXSYBUS:00/PNP0C0D:00/input/input0
Jul  2 20:18:40 thishost kernel: [    0.925039] ACPI: Lid Switch [LID0]
Jul  2 20:18:40 thishost rsyslogd: imuxsock: Acquired UNIX socket '/run/systemd/journal/syslog' (fd 3) from systemd.  [v8.32.0]
Jul  2 20:18:40 thishost kernel: [    0.925056] input: Power Button as /devices/LNXSYSTM:00/LNXSYBUS:00/PNP0C0C:00/input/input1
Jul  2 20:18:40 thishost kernel: [    0.925063] ACPI: Power Button [PWRB]
Jul  2 20:18:40 thishost kernel: [    0.925081] input: Power Button as /devices/LNXSYSTM:00/LNXPWRBN:00/input/input2
Jul  2 20:18:40 thishost kernel: [    0.925138] ACPI: Power Button [PWRF]
Jul  2 20:18:40 thishost rsyslogd: rsyslogd's groupid changed to 106
Jul  2 20:18:40 thishost kernel: [    0.931112] (NULL device *): hwmon_device_register() is deprecated. Please convert the driver to use hwmon_device_register_with_info().
Jul  2 20:18:40 thishost kernel: [    0.932336] thermal LNXTHERM:00: registered as thermal_zone0
Jul  2 20:18:40 thishost kernel: [    0.932337] ACPI: Thermal Zone [TZ01] (68 C)
Jul  2 20:18:40 thishost rsyslogd: rsyslogd's userid changed to 102
Jul  2 20:18:40 thishost kernel: [    0.932533] Serial: 8250/16550 driver, 32 ports, IRQ sharing enabled
Jul  2 20:18:40 thishost kernel: [    0.935081] Linux agpgart interface v0.103
Jul  2 20:18:40 thishost kernel: [    0.964158] tpm_tis MSFT0101:00: 2.0 TPM (device-id 0x1A, rev-id 16)
Jul  2 20:18:40 thishost kernel: [    1.005292] ACPI: Battery Slot [BAT0] (battery present)
Jul  2 20:18:40 thishost rsyslogd:  [origin software="rsyslogd" swVersion="8.32.0" x-pid="878" x-info="http://www.rsyslog.com"] start
Jul  2 20:18:40 thishost kernel: [    1.099551] loop: module loaded
Jul  2 20:18:40 thishost kernel: [    1.099762] libphy: Fixed MDIO Bus: probed
Jul  2 20:18:40 thishost kernel: [    1.099763] tun: Universal TUN/TAP device driver, 1.6
Jul  2 20:18:40 thishost kernel: [    1.099862] PPP generic driver version 2.4.2
Jul  2 20:18:40 thishost kernel: [    1.099932] ehci_hcd: USB 2.0 'Enhanced' Host Controller (EHCI) Driver
Jul  2 20:18:40 thishost kernel: [    1.099934] ehci-pci: EHCI PCI platform driver
Jul  2 20:18:40 thishost kernel: [    1.099948] ehci-platform: EHCI generic platform driver
Jul  2 20:18:40 thishost kernel: [    1.099962] ohci_hcd: USB 1.1 'Open' Host Controller (OHCI) Driver
Jul  2 20:18:40 thishost kernel: [    1.099964] ohci-pci: OHCI PCI platform driver
Jul  2 20:18:40 thishost kernel: [    1.099973] ohci-platform: OHCI generic platform driver
Jul  2 20:18:40 thishost kernel: [    1.099982] uhci_hcd: USB Universal Host Controller Interface driver
Jul  2 20:18:40 thishost kernel: [    1.100250] xhci_hcd 0000:00:14.0: xHCI Host Controller
Jul  2 20:18:40 thishost kernel: [    1.100257] xhci_hcd 0000:00:14.0: new USB bus registered, assigned bus number 1
Jul  2 20:18:40 thishost kernel: [    1.101351] xhci_hcd 0000:00:14.0: hcc params 0x200077c1 hci version 0x100 quirks 0x00109810
Jul  2 20:18:40 thishost kernel: [    1.101357] xhci_hcd 0000:00:14.0: cache line size of 64 is not supported
Jul  2 20:18:40 thishost kernel: [    1.101520] usb usb1: New USB device found, idVendor=1d6b, idProduct=0002
Jul  2 20:18:40 thishost kernel: [    1.101522] usb usb1: New USB device strings: Mfr=3, Product=2, SerialNumber=1
Jul  2 20:18:40 thishost kernel: [    1.101524] usb usb1: Product: xHCI Host Controller
Jul  2 20:18:40 thishost kernel: [    1.101526] usb usb1: Manufacturer: Linux 4.15.0-23-generic xhci-hcd
Jul  2 20:18:40 thishost kernel: [    1.101528] usb usb1: SerialNumber: 0000:00:14.0
Jul  2 20:18:40 thishost kernel: [    1.101723] hub 1-0:1.0: USB hub found
Jul  2 20:18:40 thishost kernel: [    1.101739] hub 1-0:1.0: 12 ports detected
Jul  2 20:18:40 thishost kernel: [    1.106016] xhci_hcd 0000:00:14.0: xHCI Host Controller
Jul  2 20:18:40 thishost kernel: [    1.106022] xhci_hcd 0000:00:14.0: new USB bus registered, assigned bus number 2
Jul  2 20:18:40 thishost kernel: [    1.106059] usb usb2: New USB device found, idVendor=1d6b, idProduct=0003
Jul  2 20:18:40 thishost kernel: [    1.106061] usb usb2: New USB device strings: Mfr=3, Product=2, SerialNumber=1
Jul  2 20:18:40 thishost kernel: [    1.106062] usb usb2: Product: xHCI Host Controller
Jul  2 20:18:40 thishost kernel: [    1.106064] usb usb2: Manufacturer: Linux 4.15.0-23-generic xhci-hcd
Jul  2 20:18:40 thishost kernel: [    1.106066] usb usb2: SerialNumber: 0000:00:14.0
Jul  2 20:18:40 thishost kernel: [    1.106248] hub 2-0:1.0: USB hub found
Jul  2 20:18:40 thishost kernel: [    1.106260] hub 2-0:1.0: 6 ports detected
Jul  2 20:18:40 thishost kernel: [    1.106515] usb: port power management may be unreliable
Jul  2 20:18:40 thishost kernel: [    1.107036] i8042: PNP: PS/2 Controller [PNP0303:PS2K,PNP0f13:PS2M] at 0x60,0x64 irq 1,12
Jul  2 20:18:40 thishost kernel: [    1.116336] serio: i8042 KBD port at 0x60,0x64 irq 1
Jul  2 20:18:40 thishost kernel: [    1.116342] serio: i8042 AUX port at 0x60,0x64 irq 12
Jul  2 20:18:40 thishost kernel: [    1.116531] mousedev: PS/2 mouse device common for all mice
Jul  2 20:18:40 thishost kernel: [    1.116867] rtc_cmos 00:01: RTC can wake from S4
Jul  2 20:18:40 thishost kernel: [    1.117281] rtc_cmos 00:01: rtc core: registered rtc_cmos as rtc0
Jul  2 20:18:40 thishost kernel: [    1.117368] rtc_cmos 00:01: alarms up to one month, y3k, 242 bytes nvram, hpet irqs
Jul  2 20:18:40 thishost kernel: [    1.117377] i2c /dev entries driver
Jul  2 20:18:40 thishost kernel: [    1.117435] device-mapper: uevent: version 1.0.3
Jul  2 20:18:40 thishost kernel: [    1.117525] device-mapper: ioctl: 4.37.0-ioctl (2017-09-20) initialised: dm-devel@redhat.com
Jul  2 20:18:40 thishost kernel: [    1.117529] intel_pstate: Intel P-state driver initializing
Jul  2 20:18:40 thishost kernel: [    1.118692] intel_pstate: HWP enabled
Jul  2 20:18:40 thishost kernel: [    1.119232] ledtrig-cpu: registered to indicate activity on CPUs
Jul  2 20:18:40 thishost kernel: [    1.119233] EFI Variables Facility v0.08 2004-May-17
Jul  2 20:18:40 thishost kernel: [    1.154717] intel_pmc_core:  initialized
Jul  2 20:18:40 thishost kernel: [    1.154855] NET: Registered protocol family 10
Jul  2 20:18:40 thishost kernel: [    1.158846] Segment Routing with IPv6
Jul  2 20:18:40 thishost kernel: [    1.158857] NET: Registered protocol family 17
Jul  2 20:18:40 thishost kernel: [    1.159041] Key type dns_resolver registered
Jul  2 20:18:40 thishost kernel: [    1.159949] RAS: Correctable Errors collector initialized.
Jul  2 20:18:40 thishost kernel: [    1.160015] microcode: sig=0x806ea, pf=0x80, revision=0x84
Jul  2 20:18:40 thishost kernel: [    1.160320] microcode: Microcode Update Driver: v2.2.
Jul  2 20:18:40 thishost kernel: [    1.160326] sched_clock: Marking stable (1160308160, 0)->(1266855499, -106547339)
Jul  2 20:18:40 thishost kernel: [    1.160741] registered taskstats version 1
Jul  2 20:18:40 thishost kernel: [    1.160747] Loading compiled-in X.509 certificates
Jul  2 20:18:40 thishost kernel: [    1.162239] Loaded X.509 cert 'Build time autogenerated kernel key: d77482c25b833df502ed38a87c5d7f330fdff3cb'
Jul  2 20:18:40 thishost kernel: [    1.163087] Loaded UEFI:db cert 'HP Inc.: HP UEFI Secure Boot DB 2017: d9c01b50cfcae89d3b05345c163aa76e5dd589e7' linked to secondary sys keyring
Jul  2 20:18:40 thishost kernel: [    1.163101] Loaded UEFI:db cert 'Microsoft Windows Production PCA 2011: a92902398e16c49778cd90f99e4f9ae17c55af53' linked to secondary sys keyring
Jul  2 20:18:40 thishost kernel: [    1.163114] Loaded UEFI:db cert 'Microsoft Corporation UEFI CA 2011: 13adbf4309bd82709c8cd54f316ed522988a1bd4' linked to secondary sys keyring
Jul  2 20:18:40 thishost kernel: [    1.165572] Loaded UEFI:MokListRT cert 'Canonical Ltd. Master Certificate Authority: ad91990bc22ab1f517048c23b6655a268e345a63' linked to secondary sys keyring
Jul  2 20:18:40 thishost kernel: [    1.166352] zswap: loaded using pool lzo/zbud
Jul  2 20:18:40 thishost kernel: [    1.169069] Key type big_key registered
Jul  2 20:18:40 thishost kernel: [    1.169072] Key type trusted registered
Jul  2 20:18:40 thishost kernel: [    1.170273] Key type encrypted registered
Jul  2 20:18:40 thishost kernel: [    1.170275] AppArmor: AppArmor sha1 policy hashing enabled
Jul  2 20:18:40 thishost kernel: [    1.192649] input: AT Translated Set 2 keyboard as /devices/platform/i8042/serio0/input/input3
Jul  2 20:18:40 thishost kernel: [    1.444190] usb 1-1: new high-speed USB device number 2 using xhci_hcd
Jul  2 20:18:40 thishost kernel: [    1.556089] evm: HMAC attrs: 0x1
Jul  2 20:18:40 thishost kernel: [    1.557725]   Magic number: 10:603:305
Jul  2 20:18:40 thishost kernel: [    1.557759] tty tty34: hash matches
